Component: ARM Compiler 5.05 update 2 (build 169) Tool: armlink [4d0f33]

==============================================================================

Section Cross References

    startup_stm32f429_439xx.o(RESET) refers to startup_stm32f429_439xx.o(STACK) for __initial_sp
    startup_stm32f429_439xx.o(RESET) refers to startup_stm32f429_439xx.o(.text) for Reset_Handler
    startup_stm32f429_439xx.o(RESET) refers to stm32f4xx_it.o(i.NMI_Handler) for NMI_Handler
    startup_stm32f429_439xx.o(RESET) refers to stm32f4xx_it.o(i.HardFault_Handler) for HardFault_Handler
    startup_stm32f429_439xx.o(RESET) refers to stm32f4xx_it.o(i.MemManage_Handler) for MemManage_Handler
    startup_stm32f429_439xx.o(RESET) refers to stm32f4xx_it.o(i.BusFault_Handler) for BusFault_Handler
    startup_stm32f429_439xx.o(RESET) refers to stm32f4xx_it.o(i.UsageFault_Handler) for UsageFault_Handler
    startup_stm32f429_439xx.o(RESET) refers to stm32f4xx_it.o(i.SVC_Handler) for SVC_Handler
    startup_stm32f429_439xx.o(RESET) refers to stm32f4xx_it.o(i.DebugMon_Handler) for DebugMon_Handler
    startup_stm32f429_439xx.o(RESET) refers to stm32f4xx_it.o(i.PendSV_Handler) for PendSV_Handler
    startup_stm32f429_439xx.o(RESET) refers to stm32f4xx_it.o(i.SysTick_Handler) for SysTick_Handler
    startup_stm32f429_439xx.o(RESET) refers to stm32f4xx_it.o(i.USART3_IRQHandler) for USART3_IRQHandler
    startup_stm32f429_439xx.o(.text) refers to system_stm32f4xx.o(i.SystemInit) for SystemInit
    startup_stm32f429_439xx.o(.text) refers to entry.o(.ARM.Collect$$$$00000000) for __main
    system_stm32f4xx.o(i.SystemCoreClockUpdate) refers to system_stm32f4xx.o(.data) for SystemCoreClock
    system_stm32f4xx.o(i.SystemInit) refers to system_stm32f4xx.o(i.SetSysClock) for SetSysClock
    stm32f4xx_adc.o(i.ADC_DeInit) refers to stm32f4xx_rcc.o(i.RCC_APB2PeriphResetCmd) for RCC_APB2PeriphResetCmd
    stm32f4xx_can.o(i.CAN_DeInit) refers to stm32f4xx_rcc.o(i.RCC_APB1PeriphResetCmd) for RCC_APB1PeriphResetCmd
    stm32f4xx_can.o(i.CAN_GetITStatus) refers to stm32f4xx_can.o(i.CheckITStatus) for CheckITStatus
    stm32f4xx_cryp.o(i.CRYP_DeInit) refers to stm32f4xx_rcc.o(i.RCC_AHB2PeriphResetCmd) for RCC_AHB2PeriphResetCmd
    stm32f4xx_cryp_aes.o(i.CRYP_AES_CBC) refers to stm32f4xx_cryp.o(i.CRYP_KeyStructInit) for CRYP_KeyStructInit
    stm32f4xx_cryp_aes.o(i.CRYP_AES_CBC) refers to stm32f4xx_cryp.o(i.CRYP_FIFOFlush) for CRYP_FIFOFlush
    stm32f4xx_cryp_aes.o(i.CRYP_AES_CBC) refers to stm32f4xx_cryp.o(i.CRYP_Init) for CRYP_Init
    stm32f4xx_cryp_aes.o(i.CRYP_AES_CBC) refers to stm32f4xx_cryp.o(i.CRYP_KeyInit) for CRYP_KeyInit
    stm32f4xx_cryp_aes.o(i.CRYP_AES_CBC) refers to stm32f4xx_cryp.o(i.CRYP_Cmd) for CRYP_Cmd
    stm32f4xx_cryp_aes.o(i.CRYP_AES_CBC) refers to stm32f4xx_cryp.o(i.CRYP_GetFlagStatus) for CRYP_GetFlagStatus
    stm32f4xx_cryp_aes.o(i.CRYP_AES_CBC) refers to stm32f4xx_cryp.o(i.CRYP_IVInit) for CRYP_IVInit
    stm32f4xx_cryp_aes.o(i.CRYP_AES_CBC) refers to stm32f4xx_cryp.o(i.CRYP_GetCmdStatus) for CRYP_GetCmdStatus
    stm32f4xx_cryp_aes.o(i.CRYP_AES_CBC) refers to stm32f4xx_cryp.o(i.CRYP_DataIn) for CRYP_DataIn
    stm32f4xx_cryp_aes.o(i.CRYP_AES_CBC) refers to stm32f4xx_cryp.o(i.CRYP_DataOut) for CRYP_DataOut
    stm32f4xx_cryp_aes.o(i.CRYP_AES_CCM) refers to stm32f4xx_cryp.o(i.CRYP_KeyStructInit) for CRYP_KeyStructInit
    stm32f4xx_cryp_aes.o(i.CRYP_AES_CCM) refers to stm32f4xx_cryp.o(i.CRYP_FIFOFlush) for CRYP_FIFOFlush
    stm32f4xx_cryp_aes.o(i.CRYP_AES_CCM) refers to stm32f4xx_cryp.o(i.CRYP_KeyInit) for CRYP_KeyInit
    stm32f4xx_cryp_aes.o(i.CRYP_AES_CCM) refers to stm32f4xx_cryp.o(i.CRYP_IVInit) for CRYP_IVInit
    stm32f4xx_cryp_aes.o(i.CRYP_AES_CCM) refers to stm32f4xx_cryp.o(i.CRYP_Init) for CRYP_Init
    stm32f4xx_cryp_aes.o(i.CRYP_AES_CCM) refers to stm32f4xx_cryp.o(i.CRYP_PhaseConfig) for CRYP_PhaseConfig
    stm32f4xx_cryp_aes.o(i.CRYP_AES_CCM) refers to stm32f4xx_cryp.o(i.CRYP_DataIn) for CRYP_DataIn
    stm32f4xx_cryp_aes.o(i.CRYP_AES_CCM) refers to stm32f4xx_cryp.o(i.CRYP_Cmd) for CRYP_Cmd
    stm32f4xx_cryp_aes.o(i.CRYP_AES_CCM) refers to stm32f4xx_cryp.o(i.CRYP_GetCmdStatus) for CRYP_GetCmdStatus
    stm32f4xx_cryp_aes.o(i.CRYP_AES_CCM) refers to stm32f4xx_cryp.o(i.CRYP_GetFlagStatus) for CRYP_GetFlagStatus
    stm32f4xx_cryp_aes.o(i.CRYP_AES_CCM) refers to stm32f4xx_cryp.o(i.CRYP_DataOut) for CRYP_DataOut
    stm32f4xx_cryp_aes.o(i.CRYP_AES_CTR) refers to stm32f4xx_cryp.o(i.CRYP_KeyStructInit) for CRYP_KeyStructInit
    stm32f4xx_cryp_aes.o(i.CRYP_AES_CTR) refers to stm32f4xx_cryp.o(i.CRYP_KeyInit) for CRYP_KeyInit
    stm32f4xx_cryp_aes.o(i.CRYP_AES_CTR) refers to stm32f4xx_cryp.o(i.CRYP_Init) for CRYP_Init
    stm32f4xx_cryp_aes.o(i.CRYP_AES_CTR) refers to stm32f4xx_cryp.o(i.CRYP_IVInit) for CRYP_IVInit
    stm32f4xx_cryp_aes.o(i.CRYP_AES_CTR) refers to stm32f4xx_cryp.o(i.CRYP_FIFOFlush) for CRYP_FIFOFlush
    stm32f4xx_cryp_aes.o(i.CRYP_AES_CTR) refers to stm32f4xx_cryp.o(i.CRYP_Cmd) for CRYP_Cmd
[...]
    Removing stm32f4xx_tim.o(i.TIM_GenerateEvent), (4 bytes).
    Removing stm32f4xx_tim.o(i.TIM_GetCapture1), (6 bytes).
    Removing stm32f4xx_tim.o(i.TIM_GetCapture2), (6 bytes).
    Removing stm32f4xx_tim.o(i.TIM_GetCapture3), (6 bytes).
    Removing stm32f4xx_tim.o(i.TIM_GetCapture4), (6 bytes).
    Removing stm32f4xx_tim.o(i.TIM_GetCounter), (6 bytes).
    Removing stm32f4xx_tim.o(i.TIM_GetFlagStatus), (18 bytes).
    Removing stm32f4xx_tim.o(i.TIM_GetITStatus), (34 bytes).
    Removing stm32f4xx_tim.o(i.TIM_GetPrescaler), (6 bytes).
    Removing stm32f4xx_tim.o(i.TIM_ICInit), (110 bytes).
    Removing stm32f4xx_tim.o(i.TIM_ICStructInit), (18 bytes).
    Removing stm32f4xx_tim.o(i.TIM_ITConfig), (18 bytes).
    Removing stm32f4xx_tim.o(i.TIM_ITRxExternalClockConfig), (24 bytes).
    Removing stm32f4xx_tim.o(i.TIM_InternalClockConfig), (12 bytes).
    Removing stm32f4xx_tim.o(i.TIM_OC1FastConfig), (18 bytes).
    Removing stm32f4xx_tim.o(i.TIM_OC1Init), (124 bytes).
    Removing stm32f4xx_tim.o(i.TIM_OC1NPolarityConfig), (18 bytes).
    Removing stm32f4xx_tim.o(i.TIM_OC1PolarityConfig), (18 bytes).
    Removing stm32f4xx_tim.o(i.TIM_OC1PreloadConfig), (18 bytes).
    Removing stm32f4xx_tim.o(i.TIM_OC2FastConfig), (26 bytes).
    Removing stm32f4xx_tim.o(i.TIM_OC2Init), (164 bytes).
    Removing stm32f4xx_tim.o(i.TIM_OC2NPolarityConfig), (26 bytes).
    Removing stm32f4xx_tim.o(i.TIM_OC2PolarityConfig), (26 bytes).
    Removing stm32f4xx_tim.o(i.TIM_OC2PreloadConfig), (26 bytes).
    Removing stm32f4xx_tim.o(i.TIM_OC3FastConfig), (18 bytes).
    Removing stm32f4xx_tim.o(i.TIM_OC3Init), (160 bytes).
    Removing stm32f4xx_tim.o(i.TIM_OC3NPolarityConfig), (26 bytes).
    Removing stm32f4xx_tim.o(i.TIM_OC3PolarityConfig), (26 bytes).
    Removing stm32f4xx_tim.o(i.TIM_OC3PreloadConfig), (18 bytes).
    Removing stm32f4xx_tim.o(i.TIM_OC4FastConfig), (26 bytes).
    Removing stm32f4xx_tim.o(i.TIM_OC4Init), (120 bytes).
    Removing stm32f4xx_tim.o(i.TIM_OC4PolarityConfig), (26 bytes).
    Removing stm32f4xx_tim.o(i.TIM_OC4PreloadConfig), (26 bytes).
    Removing stm32f4xx_tim.o(i.TIM_OCStructInit), (20 bytes).
    Removing stm32f4xx_tim.o(i.TIM_PWMIConfig), (124 bytes).
    Removing stm32f4xx_tim.o(i.TIM_PrescalerConfig), (6 bytes).
    Removing stm32f4xx_tim.o(i.TIM_RemapConfig), (6 bytes).
    Removing stm32f4xx_tim.o(i.TIM_SelectCCDMA), (24 bytes).
    Removing stm32f4xx_tim.o(i.TIM_SelectCOM), (24 bytes).
    Removing stm32f4xx_tim.o(i.TIM_SelectHallSensor), (24 bytes).
    Removing stm32f4xx_tim.o(i.TIM_SelectInputTrigger), (18 bytes).
    Removing stm32f4xx_tim.o(i.TIM_SelectMasterSlaveMode), (18 bytes).
    Removing stm32f4xx_tim.o(i.TIM_SelectOCxM), (86 bytes).
    Removing stm32f4xx_tim.o(i.TIM_SelectOnePulseMode), (18 bytes).
    Removing stm32f4xx_tim.o(i.TIM_SelectOutputTrigger), (18 bytes).
    Removing stm32f4xx_tim.o(i.TIM_SelectSlaveMode), (18 bytes).
    Removing stm32f4xx_tim.o(i.TIM_SetAutoreload), (4 bytes).
    Removing stm32f4xx_tim.o(i.TIM_SetClockDivision), (18 bytes).
    Removing stm32f4xx_tim.o(i.TIM_SetCompare1), (4 bytes).
    Removing stm32f4xx_tim.o(i.TIM_SetCompare2), (4 bytes).
    Removing stm32f4xx_tim.o(i.TIM_SetCompare3), (4 bytes).
    Removing stm32f4xx_tim.o(i.TIM_SetCompare4), (4 bytes).
    Removing stm32f4xx_tim.o(i.TIM_SetCounter), (4 bytes).
    Removing stm32f4xx_tim.o(i.TIM_SetIC1Prescaler), (18 bytes).
    Removing stm32f4xx_tim.o(i.TIM_SetIC2Prescaler), (26 bytes).
    Removing stm32f4xx_tim.o(i.TIM_SetIC3Prescaler), (18 bytes).
    Removing stm32f4xx_tim.o(i.TIM_SetIC4Prescaler), (26 bytes).
    Removing stm32f4xx_tim.o(i.TIM_TIxExternalClockConfig), (62 bytes).
    Removing stm32f4xx_tim.o(i.TIM_TimeBaseInit), (132 bytes).
    Removing stm32f4xx_tim.o(i.TIM_TimeBaseStructInit), (18 bytes).
    Removing stm32f4xx_tim.o(i.TIM_UpdateDisableConfig), (24 bytes).
    Removing stm32f4xx_tim.o(i.TIM_UpdateRequestConfig), (24 bytes).
    Removing stm32f4xx_usart.o(.rev16_text), (4 bytes).
    Removing stm32f4xx_usart.o(.revsh_text), (4 bytes).
    Removing stm32f4xx_usart.o(.rrx_text), (6 bytes).
    Removing stm32f4xx_usart.o(i.USART_ClearFlag), (18 bytes).
    Removing stm32f4xx_usart.o(i.USART_ClearITPendingBit), (30 bytes).
    Removing stm32f4xx_usart.o(i.USART_ClockInit), (32 bytes).
    Removing stm32f4xx_usart.o(i.USART_ClockStructInit), (12 bytes).
    Removing stm32f4xx_usart.o(i.USART_DMACmd), (18 bytes).
    Removing stm32f4xx_usart.o(i.USART_DeInit), (240 bytes).
    Removing stm32f4xx_usart.o(i.USART_HalfDuplexCmd), (24 bytes).
    Removing stm32f4xx_usart.o(i.USART_IrDACmd), (24 bytes).
    Removing stm32f4xx_usart.o(i.USART_IrDAConfig), (18 bytes).
    Removing stm32f4xx_usart.o(i.USART_LINBreakDetectLengthConfig), (18 bytes).
    Removing stm32f4xx_usart.o(i.USART_LINCmd), (24 bytes).
    Removing stm32f4xx_usart.o(i.USART_OneBitMethodCmd), (24 bytes).
    Removing stm32f4xx_usart.o(i.USART_OverSampling8Cmd), (22 bytes).
    Removing stm32f4xx_usart.o(i.USART_ReceiverWakeUpCmd), (24 bytes).
    Removing stm32f4xx_usart.o(i.USART_SendBreak), (10 bytes).
    Removing stm32f4xx_usart.o(i.USART_SetAddress), (18 bytes).
    Removing stm32f4xx_usart.o(i.USART_SetGuardTime), (16 bytes).
    Removing stm32f4xx_usart.o(i.USART_SetPrescaler), (16 bytes).
    Removing stm32f4xx_usart.o(i.USART_SmartCardCmd), (24 bytes).
    Removing stm32f4xx_usart.o(i.USART_SmartCardNACKCmd), (24 bytes).
    Removing stm32f4xx_usart.o(i.USART_StructInit), (24 bytes).
    Removing stm32f4xx_usart.o(i.USART_WakeUpConfig), (18 bytes).
    Removing stm32f4xx_wwdg.o(.rev16_text), (4 bytes).
    Removing stm32f4xx_wwdg.o(.revsh_text), (4 bytes).
    Removing stm32f4xx_wwdg.o(.rrx_text), (6 bytes).
    Removing stm32f4xx_wwdg.o(i.WWDG_ClearFlag), (12 bytes).
    Removing stm32f4xx_wwdg.o(i.WWDG_DeInit), (22 bytes).
    Removing stm32f4xx_wwdg.o(i.WWDG_Enable), (16 bytes).
    Removing stm32f4xx_wwdg.o(i.WWDG_EnableIT), (12 bytes).
    Removing stm32f4xx_wwdg.o(i.WWDG_GetFlagStatus), (20 bytes).
    Removing stm32f4xx_wwdg.o(i.WWDG_SetCounter), (16 bytes).
    Removing stm32f4xx_wwdg.o(i.WWDG_SetPrescaler), (24 bytes).
    Removing stm32f4xx_wwdg.o(i.WWDG_SetWindowValue), (40 bytes).
    Removing main.o(.rev16_text), (4 bytes).
    Removing main.o(.revsh_text), (4 bytes).
    Removing main.o(.rrx_text), (6 bytes).
    Removing main.o(i.cfinish), (24 bytes).
    Removing main.o(i.itoa), (192 bytes).
    Removing main.o(i.stop_init), (24 bytes).
    Removing main.o(.data), (4 bytes).
    Removing stm32f4xx_it.o(.rev16_text), (4 bytes).
    Removing stm32f4xx_it.o(.revsh_text), (4 bytes).
    Removing stm32f4xx_it.o(.rrx_text), (6 bytes).
    Removing bsp_debug_usart.o(.rev16_text), (4 bytes).
    Removing bsp_debug_usart.o(.revsh_text), (4 bytes).
    Removing bsp_debug_usart.o(.rrx_text), (6 bytes).
    Removing bsp_debug_usart.o(i.Usart_SendArray), (48 bytes).
    Removing bsp_debug_usart.o(i.fgetc), (32 bytes).
    Removing bsp_dht11.o(.rev16_text), (4 bytes).
    Removing bsp_dht11.o(.revsh_text), (4 bytes).
    Removing bsp_dht11.o(.rrx_text), (6 bytes).
    Removing bsp_dht11.o(i.DHT11_Mode_IPU), (36 bytes).
    Removing bsp_dht11.o(i.DHT11_Mode_Out_PP), (44 bytes).
    Removing bsp_dht11.o(i.Read_Byte), (96 bytes).
    Removing bsp_dht11.o(i.Read_DHT11), (204 bytes).
    Removing bsp_systick.o(.rev16_text), (4 bytes).
    Removing bsp_systick.o(.revsh_text), (4 bytes).
    Removing bsp_systick.o(.rrx_text), (6 bytes).
    Removing common.o(.rev16_text), (4 bytes).
    Removing common.o(.revsh_text), (4 bytes).
    Removing common.o(.rrx_text), (6 bytes).
    Removing bsp_esp8266.o(.rev16_text), (4 bytes).
    Removing bsp_esp8266.o(.revsh_text), (4 bytes).
    Removing bsp_esp8266.o(.rrx_text), (6 bytes).
    Removing bsp_esp8266.o(i.ESP8266_BuildAP), (72 bytes).
    Removing bsp_esp8266.o(i.ESP8266_CIPAP), (64 bytes).
    Removing bsp_esp8266.o(i.ESP8266_CWLIF), (120 bytes).
    Removing bsp_esp8266.o(i.ESP8266_ExitUnvarnishSend), (40 bytes).
    Removing bsp_esp8266.o(i.ESP8266_Get_IdLinkStatus), (232 bytes).
    Removing bsp_esp8266.o(i.ESP8266_Get_LinkStatus), (124 bytes).
    Removing bsp_esp8266.o(i.ESP8266_Inquire_ApIp), (108 bytes).
    Removing bsp_esp8266.o(i.ESP8266_ReceiveString), (100 bytes).
    Removing bsp_esp8266.o(i.ESP8266_StartOrShutServer), (144 bytes).
    Removing test.o(.rev16_text), (4 bytes).
    Removing test.o(.revsh_text), (4 bytes).
    Removing test.o(.rrx_text), (6 bytes).
    Removing test.o(i.ESP8266_StaTcpClient_UnvarnishTest), (376 bytes).
    Removing test.o(.bss), (1500 bytes).
    Removing test.o(.conststring), (1121 bytes).
    Removing test.o(.data), (1 bytes).
    Removing bsp_led.o(.rev16_text), (4 bytes).
    Removing bsp_led.o(.revsh_text), (4 bytes).
    Removing bsp_led.o(.rrx_text), (6 bytes).
    Removing bsp_beep.o(.rev16_text), (4 bytes).
    Removing bsp_beep.o(.revsh_text), (4 bytes).
    Removing bsp_beep.o(.rrx_text), (6 bytes).
    Removing bsp_beep.o(i.BEEP_GPIO_Config), (64 bytes).
    Removing mqtt.o(i.GetDataConnect), (220 bytes).
    Removing mqtt.o(i.GetDataDisConnect), (10 bytes).
    Removing mqtt.o(i.GetDataFixedHead), (34 bytes).
    Removing mqtt.o(i.GetDataPINGREQ), (10 bytes).
    Removing mqtt.o(i.GetDataPUBLISH), (104 bytes).
    Removing mqtt.o(i.GetDataSUBSCRIBE), (78 bytes).
    Removing bsp_key.o(.rev16_text), (4 bytes).
    Removing bsp_key.o(.revsh_text), (4 bytes).
    Removing bsp_key.o(.rrx_text), (6 bytes).
    Removing bsp_key.o(i.Key_Delay), (18 bytes).
    Removing mqttconnectclient.o(i.MQTTSerialize_pingreq), (18 bytes).
    Removing mqttconnectserver.o(i.MQTTDeserialize_connect), (298 bytes).
    Removing mqttconnectserver.o(i.MQTTPacket_checkVersion), (92 bytes).
    Removing mqttconnectserver.o(i.MQTTSerialize_connack), (118 bytes).
    Removing mqttdeserializepublish.o(i.MQTTDeserialize_ack), (108 bytes).
    Removing mqttformat.o(i.MQTTPacket_getName), (16 bytes).
    Removing mqttformat.o(i.MQTTStringFormat_ack), (100 bytes).
    Removing mqttformat.o(i.MQTTStringFormat_connack), (72 bytes).
    Removing mqttformat.o(i.MQTTStringFormat_connect), (192 bytes).
    Removing mqttformat.o(i.MQTTStringFormat_publish), (84 bytes).
    Removing mqttformat.o(i.MQTTStringFormat_suback), (84 bytes).
    Removing mqttformat.o(i.MQTTStringFormat_subscribe), (120 bytes).
    Removing mqttformat.o(i.MQTTStringFormat_unsubscribe), (104 bytes).
    Removing mqttformat.o(.conststring), (383 bytes).
    Removing mqttformat.o(.data), (60 bytes).
    Removing mqttpacket.o(i.MQTTPacket_decodenb), (104 bytes).
    Removing mqttpacket.o(i.MQTTPacket_equals), (66 bytes).
    Removing mqttpacket.o(i.MQTTPacket_readnb), (204 bytes).
    Removing mqttpacket.o(i.getLenStringLen), (18 bytes).
    Removing mqttserializepublish.o(i.MQTTSerialize_ack), (114 bytes).
    Removing mqttserializepublish.o(i.MQTTSerialize_puback), (24 bytes).
    Removing mqttserializepublish.o(i.MQTTSerialize_pubcomp), (24 bytes).
    Removing mqttserializepublish.o(i.MQTTSerialize_pubrel), (26 bytes).
    Removing mqttsubscribeserver.o(i.MQTTDeserialize_subscribe), (166 bytes).
    Removing mqttsubscribeserver.o(i.MQTTSerialize_suback), (120 bytes).
    Removing mqttunsubscribeclient.o(i.MQTTDeserialize_unsuback), (46 bytes).
    Removing mqttunsubscribeclient.o(i.MQTTSerialize_unsubscribe), (166 bytes).
    Removing mqttunsubscribeclient.o(i.MQTTSerialize_unsubscribeLength), (46 bytes).
    Removing mqttunsubscribeserver.o(i.MQTTDeserialize_unsubscribe), (144 bytes).
    Removing mqttunsubscribeserver.o(i.MQTTSerialize_unsuback), (86 bytes).
    Removing transport.o(.rev16_text), (4 bytes).
    Removing transport.o(.revsh_text), (4 bytes).
    Removing transport.o(.rrx_text), (6 bytes).
    Removing dadd.o(.text), (334 bytes).
    Removing dmul.o(.text), (228 bytes).
    Removing ddiv.o(.text), (222 bytes).
    Removing dfixul.o(.text), (48 bytes).
    Removing cdrcmple.o(.text), (48 bytes).
    Removing depilogue.o(.text), (186 bytes).

920 unused section(s) (total 45883 bytes) removed from the image.

==============================================================================

Image Symbol Table

    Local Symbols

    Symbol Name                              Value     Ov Type        Size  Object(Section)

    ../clib/microlib/division.c              0x00000000   Number         0  uldiv.o ABSOLUTE
    ../clib/microlib/division.c              0x00000000   Number         0  uidiv.o ABSOLUTE
    ../clib/microlib/init/entry.s            0x00000000   Number         0  entry8a.o ABSOLUTE
    ../clib/microlib/init/entry.s            0x00000000   Number         0  entry9b.o ABSOLUTE
    ../clib/microlib/init/entry.s            0x00000000   Number         0  entry9a.o ABSOLUTE
    ../clib/microlib/init/entry.s            0x00000000   Number         0  entry2.o ABSOLUTE
    ../clib/microlib/init/entry.s            0x00000000   Number         0  entry7b.o ABSOLUTE
    ../clib/microlib/init/entry.s            0x00000000   Number         0  entry7a.o ABSOLUTE
    ../clib/microlib/init/entry.s            0x00000000   Number         0  entry10a.o ABSOLUTE
    ../clib/microlib/init/entry.s            0x00000000   Number         0  entry8b.o ABSOLUTE
    ../clib/microlib/init/entry.s            0x00000000   Number         0  entry10b.o ABSOLUTE
    ../clib/microlib/init/entry.s            0x00000000   Number         0  entry.o ABSOLUTE
    ../clib/microlib/init/entry.s            0x00000000   Number         0  entry11a.o ABSOLUTE
    ../clib/microlib/init/entry.s            0x00000000   Number         0  entry11b.o ABSOLUTE
    ../clib/microlib/init/entry.s            0x00000000   Number         0  entry5.o ABSOLUTE
    ../clib/microlib/longlong.c              0x00000000   Number         0  llsshr.o ABSOLUTE
    ../clib/microlib/longlong.c              0x00000000   Number         0  llushr.o ABSOLUTE
    ../clib/microlib/longlong.c              0x00000000   Number         0  llshl.o ABSOLUTE
    ../clib/microlib/malloc/malloc.c         0x00000000   Number         0  mallocr.o ABSOLUTE
    ../clib/microlib/malloc/malloc.c         0x00000000   Number         0  malloca.o ABSOLUTE
    ../clib/microlib/malloc/malloc.c         0x00000000   Number         0  malloc.o ABSOLUTE
    ../clib/microlib/malloc/malloc.c         0x00000000   Number         0  mallocra.o ABSOLUTE
    ../clib/microlib/malloc/mvars.c          0x00000000   Number         0  mvars.o ABSOLUTE
    ../clib/microlib/printf/printf.c         0x00000000   Number         0  printf2.o ABSOLUTE
    ../clib/microlib/printf/printf.c         0x00000000   Number         0  printf3.o ABSOLUTE
    ../clib/microlib/printf/printf.c         0x00000000   Number         0  printf4.o ABSOLUTE
    ../clib/microlib/printf/printf.c         0x00000000   Number         0  printf8.o ABSOLUTE
    ../clib/microlib/printf/printf.c         0x00000000   Number         0  printfa.o ABSOLUTE
    ../clib/microlib/printf/printf.c         0x00000000   Number         0  printf7.o ABSOLUTE
    ../clib/microlib/printf/printf.c         0x00000000   Number         0  printf6.o ABSOLUTE
    ../clib/microlib/printf/printf.c         0x00000000   Number         0  printf5.o ABSOLUTE
    ../clib/microlib/printf/printf.c         0x00000000   Number         0  printfb.o ABSOLUTE
    ../clib/microlib/printf/printf.c         0x00000000   Number         0  printf0.o ABSOLUTE
    ../clib/microlib/printf/printf.c         0x00000000   Number         0  printf1.o ABSOLUTE
    ../clib/microlib/printf/stubs.s          0x00000000   Number         0  stubs.o ABSOLUTE
    ../clib/microlib/signal.c                0x00000000   Number         0  signal.o ABSOLUTE
    ../clib/microlib/stdio/streams.c         0x00000000   Number         0  stdout.o ABSOLUTE
    ../clib/microlib/string/memcmp.c         0x00000000   Number         0  memcmp.o ABSOLUTE
    ../clib/microlib/string/memcpy.c         0x00000000   Number         0  memcpya.o ABSOLUTE
    ../clib/microlib/string/memcpy.c         0x00000000   Number         0  memcpyb.o ABSOLUTE
    ../clib/microlib/string/memset.c         0x00000000   Number         0  memseta.o ABSOLUTE
    ../clib/microlib/string/strcat.c         0x00000000   Number         0  strcat.o ABSOLUTE
    ../clib/microlib/string/strcpy.c         0x00000000   Number         0  strcpy.o ABSOLUTE
    ../clib/microlib/string/strlen.c         0x00000000   Number         0  strlen.o ABSOLUTE
    ../clib/microlib/string/strncmp.c        0x00000000   Number         0  strncmp.o ABSOLUTE
    ../clib/microlib/string/strstr.c         0x00000000   Number         0  strstr.o ABSOLUTE
    ../clib/microlib/stubs.s                 0x00000000   Number         0  iusefp.o ABSOLUTE
    ../fplib/microlib/fpadd.c                0x00000000   Number         0  dadd.o ABSOLUTE
    ../fplib/microlib/fpdiv.c                0x00000000   Number         0  ddiv.o ABSOLUTE
    ../fplib/microlib/fpepilogue.c           0x00000000   Number         0  depilogue.o ABSOLUTE
    ../fplib/microlib/fpfix.c                0x00000000   Number         0  dfixul.o ABSOLUTE
    ../fplib/microlib/fpmul.c                0x00000000   Number         0  dmul.o ABSOLUTE
    ..\..\Libraries\CMSIS\Device\ST\STM32F4xx\Source\Templates\arm\startup_stm32f429_439xx.s 0x00000000   Number         0  startup_stm32f429_439xx.o ABSOLUTE
    ..\..\Libraries\CMSIS\Device\ST\STM32F4xx\Source\Templates\system_stm32f4xx.c 0x00000000   Number         0  system_stm32f4xx.o ABSOLUTE
    ..\..\Libraries\STM32F4xx_StdPeriph_Driver\src\misc.c 0x00000000   Number         0  misc.o ABSOLUTE
    ..\..\Libraries\STM32F4xx_StdPeriph_Driver\src\stm32f4xx_adc.c 0x00000000   Number         0  stm32f4xx_adc.o ABSOLUTE
    ..\..\Libraries\STM32F4xx_StdPeriph_Driver\src\stm32f4xx_can.c 0x00000000   Number         0  stm32f4xx_can.o ABSOLUTE
    ..\..\Libraries\STM32F4xx_StdPeriph_Driver\src\stm32f4xx_cec.c 0x00000000   Number         0  stm32f4xx_cec.o ABSOLUTE
    ..\..\Libraries\STM32F4xx_StdPeriph_Driver\src\stm32f4xx_crc.c 0x00000000   Number         0  stm32f4xx_crc.o ABSOLUTE
    ..\..\Libraries\STM32F4xx_StdPeriph_Driver\src\stm32f4xx_cryp.c 0x00000000   Number         0  stm32f4xx_cryp.o ABSOLUTE
    ..\..\Libraries\STM32F4xx_StdPeriph_Driver\src\stm32f4xx_cryp_aes.c 0x00000000   Number         0  stm32f4xx_cryp_aes.o ABSOLUTE
    ..\..\Libraries\STM32F4xx_StdPeriph_Driver\src\stm32f4xx_cryp_des.c 0x00000000   Number         0  stm32f4xx_cryp_des.o ABSOLUTE
    ..\..\Libraries\STM32F4xx_StdPeriph_Driver\src\stm32f4xx_cryp_tdes.c 0x00000000   Number         0  stm32f4xx_cryp_tdes.o ABSOLUTE
    ..\..\Libraries\STM32F4xx_StdPeriph_Driver\src\stm32f4xx_dac.c 0x00000000   Number         0  stm32f4xx_dac.o ABSOLUTE
    ..\..\Libraries\STM32F4xx_StdPeriph_Driver\src\stm32f4xx_dbgmcu.c 0x00000000   Number         0  stm32f4xx_dbgmcu.o ABSOLUTE
    ..\..\Libraries\STM32F4xx_StdPeriph_Driver\src\stm32f4xx_dcmi.c 0x00000000   Number         0  stm32f4xx_dcmi.o ABSOLUTE
    ..\..\Libraries\STM32F4xx_StdPeriph_Driver\src\stm32f4xx_dma.c 0x00000000   Number         0  stm32f4xx_dma.o ABSOLUTE
    ..\..\Libraries\STM32F4xx_StdPeriph_Driver\src\stm32f4xx_dma2d.c 0x00000000   Number         0  stm32f4xx_dma2d.o ABSOLUTE
    ..\..\Libraries\STM32F4xx_StdPeriph_Driver\src\stm32f4xx_exti.c 0x00000000   Number         0  stm32f4xx_exti.o ABSOLUTE
    ..\..\Libraries\STM32F4xx_StdPeriph_Driver\src\stm32f4xx_flash.c 0x00000000   Number         0  stm32f4xx_flash.o ABSOLUTE
    ..\..\Libraries\STM32F4xx_StdPeriph_Driver\src\stm32f4xx_flash_ramfunc.c 0x00000000   Number         0  stm32f4xx_flash_ramfunc.o ABSOLUTE
    ..\..\Libraries\STM32F4xx_StdPeriph_Driver\src\stm32f4xx_fmc.c 0x00000000   Number         0  stm32f4xx_fmc.o ABSOLUTE
    ..\..\Libraries\STM32F4xx_StdPeriph_Driver\src\stm32f4xx_fmpi2c.c 0x00000000   Number         0  stm32f4xx_fmpi2c.o ABSOLUTE
    ..\..\Libraries\STM32F4xx_StdPeriph_Driver\src\stm32f4xx_gpio.c 0x00000000   Number         0  stm32f4xx_gpio.o ABSOLUTE
    ..\..\Libraries\STM32F4xx_StdPeriph_Driver\src\stm32f4xx_hash.c 0x00000000   Number         0  stm32f4xx_hash.o ABSOLUTE
    ..\..\Libraries\STM32F4xx_StdPeriph_Driver\src\stm32f4xx_hash_md5.c 0x00000000   Number         0  stm32f4xx_hash_md5.o ABSOLUTE
    ..\..\Libraries\STM32F4xx_StdPeriph_Driver\src\stm32f4xx_hash_sha1.c 0x00000000   Number         0  stm32f4xx_hash_sha1.o ABSOLUTE
    ..\..\Libraries\STM32F4xx_StdPeriph_Driver\src\stm32f4xx_i2c.c 0x00000000   Number         0  stm32f4xx_i2c.o ABSOLUTE
    ..\..\Libraries\STM32F4xx_StdPeriph_Driver\src\stm32f4xx_iwdg.c 0x00000000   Number         0  stm32f4xx_iwdg.o ABSOLUTE
    ..\..\Libraries\STM32F4xx_StdPeriph_Driver\src\stm32f4xx_ltdc.c 0x00000000   Number         0  stm32f4xx_ltdc.o ABSOLUTE
    ..\..\Libraries\STM32F4xx_StdPeriph_Driver\src\stm32f4xx_pwr.c 0x00000000   Number         0  stm32f4xx_pwr.o ABSOLUTE
    ..\..\Libraries\STM32F4xx_StdPeriph_Driver\src\stm32f4xx_qspi.c 0x00000000   Number         0  stm32f4xx_qspi.o ABSOLUTE
    ..\..\Libraries\STM32F4xx_StdPeriph_Driver\src\stm32f4xx_rcc.c 0x00000000   Number         0  stm32f4xx_rcc.o ABSOLUTE
    ..\..\Libraries\STM32F4xx_StdPeriph_Driver\src\stm32f4xx_rng.c 0x00000000   Number         0  stm32f4xx_rng.o ABSOLUTE
    ..\..\Libraries\STM32F4xx_StdPeriph_Driver\src\stm32f4xx_rtc.c 0x00000000   Number         0  stm32f4xx_rtc.o ABSOLUTE
    ..\..\Libraries\STM32F4xx_StdPeriph_Driver\src\stm32f4xx_sai.c 0x00000000   Number         0  stm32f4xx_sai.o ABSOLUTE
    ..\..\Libraries\STM32F4xx_StdPeriph_Driver\src\stm32f4xx_sdio.c 0x00000000   Number         0  stm32f4xx_sdio.o ABSOLUTE
    ..\..\Libraries\STM32F4xx_StdPeriph_Driver\src\stm32f4xx_spdifrx.c 0x00000000   Number         0  stm32f4xx_spdifrx.o ABSOLUTE
    ..\..\Libraries\STM32F4xx_StdPeriph_Driver\src\stm32f4xx_spi.c 0x00000000   Number         0  stm32f4xx_spi.o ABSOLUTE
    ..\..\Libraries\STM32F4xx_StdPeriph_Driver\src\stm32f4xx_syscfg.c 0x00000000   Number         0  stm32f4xx_syscfg.o ABSOLUTE
    ..\..\Libraries\STM32F4xx_StdPeriph_Driver\src\stm32f4xx_tim.c 0x00000000   Number         0  stm32f4xx_tim.o ABSOLUTE
    ..\..\Libraries\STM32F4xx_StdPeriph_Driver\src\stm32f4xx_usart.c 0x00000000   Number         0  stm32f4xx_usart.o ABSOLUTE
    ..\..\Libraries\STM32F4xx_StdPeriph_Driver\src\stm32f4xx_wwdg.c 0x00000000   Number         0  stm32f4xx_wwdg.o ABSOLUTE
    ..\..\User\Common\Common.c               0x00000000   Number         0  common.o ABSOLUTE
    ..\..\User\DHT11\bsp_dht11.c             0x00000000   Number         0  bsp_dht11.o ABSOLUTE
    ..\..\User\ESP8266\bsp_esp8266.c         0x00000000   Number         0  bsp_esp8266.o ABSOLUTE
    ..\..\User\MQTTPacket\samples\transport.c 0x00000000   Number         0  transport.o ABSOLUTE
    ..\..\User\MQTTPacket\src\MQTTConnectClient.c 0x00000000   Number         0  mqttconnectclient.o ABSOLUTE
    ..\..\User\MQTTPacket\src\MQTTConnectServer.c 0x00000000   Number         0  mqttconnectserver.o ABSOLUTE
    ..\..\User\MQTTPacket\src\MQTTDeserializePublish.c 0x00000000   Number         0  mqttdeserializepublish.o ABSOLUTE
    ..\..\User\MQTTPacket\src\MQTTFormat.c   0x00000000   Number         0  mqttformat.o ABSOLUTE
    ..\..\User\MQTTPacket\src\MQTTPacket.c   0x00000000   Number         0  mqttpacket.o ABSOLUTE
    ..\..\User\MQTTPacket\src\MQTTSerializePublish.c 0x00000000   Number         0  mqttserializepublish.o ABSOLUTE
    ..\..\User\MQTTPacket\src\MQTTSubscribeClient.c 0x00000000   Number         0  mqttsubscribeclient.o ABSOLUTE
    ..\..\User\MQTTPacket\src\MQTTSubscribeServer.c 0x00000000   Number         0  mqttsubscribeserver.o ABSOLUTE
    ..\..\User\MQTTPacket\src\MQTTUnsubscribeClient.c 0x00000000   Number         0  mqttunsubscribeclient.o ABSOLUTE
    ..\..\User\MQTTPacket\src\MQTTUnsubscribeServer.c 0x00000000   Number         0  mqttunsubscribeserver.o ABSOLUTE
    ..\..\User\Test\test.c                   0x00000000   Number         0  test.o ABSOLUTE
    ..\..\User\beep\bsp_beep.c               0x00000000   Number         0  bsp_beep.o ABSOLUTE
    ..\..\User\key\bsp_key.c                 0x00000000   Number         0  bsp_key.o ABSOLUTE
    ..\..\User\led\bsp_led.c                 0x00000000   Number         0  bsp_led.o ABSOLUTE
    ..\..\User\main.c                        0x00000000   Number         0  main.o ABSOLUTE
    ..\..\User\mqtt\mqtt.c                   0x00000000   Number         0  mqtt.o ABSOLUTE
    ..\..\User\stm32f4xx_it.c                0x00000000   Number         0  stm32f4xx_it.o ABSOLUTE
    ..\..\User\systick\bsp_SysTick.c         0x00000000   Number         0  bsp_systick.o ABSOLUTE
    ..\..\User\usart\bsp_debug_usart.c       0x00000000   Number         0  bsp_debug_usart.o ABSOLUTE
    ..\\..\\Libraries\\CMSIS\\Device\\ST\\STM32F4xx\\Source\\Templates\\system_stm32f4xx.c 0x00000000   Number         0  system_stm32f4xx.o ABSOLUTE
    ..\\..\\Libraries\\STM32F4xx_StdPeriph_Driver\\src\\misc.c 0x00000000   Number         0  misc.o ABSOLUTE
    ..\\..\\Libraries\\STM32F4xx_StdPeriph_Driver\\src\\stm32f4xx_adc.c 0x00000000   Number         0  stm32f4xx_adc.o ABSOLUTE
    ..\\..\\Libraries\\STM32F4xx_StdPeriph_Driver\\src\\stm32f4xx_can.c 0x00000000   Number         0  stm32f4xx_can.o ABSOLUTE
    ..\\..\\Libraries\\STM32F4xx_StdPeriph_Driver\\src\\stm32f4xx_cec.c 0x00000000   Number         0  stm32f4xx_cec.o ABSOLUTE
    ..\\..\\Libraries\\STM32F4xx_StdPeriph_Driver\\src\\stm32f4xx_crc.c 0x00000000   Number         0  stm32f4xx_crc.o ABSOLUTE
    ..\\..\\Libraries\\STM32F4xx_StdPeriph_Driver\\src\\stm32f4xx_cryp.c 0x00000000   Number         0  stm32f4xx_cryp.o ABSOLUTE
    ..\\..\\Libraries\\STM32F4xx_StdPeriph_Driver\\src\\stm32f4xx_cryp_aes.c 0x00000000   Number         0  stm32f4xx_cryp_aes.o ABSOLUTE
    ..\\..\\Libraries\\STM32F4xx_StdPeriph_Driver\\src\\stm32f4xx_cryp_des.c 0x00000000   Number         0  stm32f4xx_cryp_des.o ABSOLUTE
    ..\\..\\Libraries\\STM32F4xx_StdPeriph_Driver\\src\\stm32f4xx_cryp_tdes.c 0x00000000   Number         0  stm32f4xx_cryp_tdes.o ABSOLUTE
    ..\\..\\Libraries\\STM32F4xx_StdPeriph_Driver\\src\\stm32f4xx_dac.c 0x00000000   Number         0  stm32f4xx_dac.o ABSOLUTE
    ..\\..\\Libraries\\STM32F4xx_StdPeriph_Driver\\src\\stm32f4xx_dbgmcu.c 0x00000000   Number         0  stm32f4xx_dbgmcu.o ABSOLUTE
    ..\\..\\Libraries\\STM32F4xx_StdPeriph_Driver\\src\\stm32f4xx_dcmi.c 0x00000000   Number         0  stm32f4xx_dcmi.o ABSOLUTE
    ..\\..\\Libraries\\STM32F4xx_StdPeriph_Driver\\src\\stm32f4xx_dma.c 0x00000000   Number         0  stm32f4xx_dma.o ABSOLUTE
    ..\\..\\Libraries\\STM32F4xx_StdPeriph_Driver\\src\\stm32f4xx_dma2d.c 0x00000000   Number         0  stm32f4xx_dma2d.o ABSOLUTE
    ..\\..\\Libraries\\STM32F4xx_StdPeriph_Driver\\src\\stm32f4xx_exti.c 0x00000000   Number         0  stm32f4xx_exti.o ABSOLUTE
    ..\\..\\Libraries\\STM32F4xx_StdPeriph_Driver\\src\\stm32f4xx_flash.c 0x00000000   Number         0  stm32f4xx_flash.o ABSOLUTE
    ..\\..\\Libraries\\STM32F4xx_StdPeriph_Driver\\src\\stm32f4xx_flash_ramfunc.c 0x00000000   Number         0  stm32f4xx_flash_ramfunc.o ABSOLUTE
    ..\\..\\Libraries\\STM32F4xx_StdPeriph_Driver\\src\\stm32f4xx_fmc.c 0x00000000   Number         0  stm32f4xx_fmc.o ABSOLUTE
    ..\\..\\Libraries\\STM32F4xx_StdPeriph_Driver\\src\\stm32f4xx_fmpi2c.c 0x00000000   Number         0  stm32f4xx_fmpi2c.o ABSOLUTE
    ..\\..\\Libraries\\STM32F4xx_StdPeriph_Driver\\src\\stm32f4xx_gpio.c 0x00000000   Number         0  stm32f4xx_gpio.o ABSOLUTE
    ..\\..\\Libraries\\STM32F4xx_StdPeriph_Driver\\src\\stm32f4xx_hash.c 0x00000000   Number         0  stm32f4xx_hash.o ABSOLUTE
    ..\\..\\Libraries\\STM32F4xx_StdPeriph_Driver\\src\\stm32f4xx_hash_md5.c 0x00000000   Number         0  stm32f4xx_hash_md5.o ABSOLUTE
    ..\\..\\Libraries\\STM32F4xx_StdPeriph_Driver\\src\\stm32f4xx_hash_sha1.c 0x00000000   Number         0  stm32f4xx_hash_sha1.o ABSOLUTE
    ..\\..\\Libraries\\STM32F4xx_StdPeriph_Driver\\src\\stm32f4xx_i2c.c 0x00000000   Number         0  stm32f4xx_i2c.o ABSOLUTE
    ..\\..\\Libraries\\STM32F4xx_StdPeriph_Driver\\src\\stm32f4xx_iwdg.c 0x00000000   Number         0  stm32f4xx_iwdg.o ABSOLUTE
    ..\\..\\Libraries\\STM32F4xx_StdPeriph_Driver\\src\\stm32f4xx_ltdc.c 0x00000000   Number         0  stm32f4xx_ltdc.o ABSOLUTE
    ..\\..\\Libraries\\STM32F4xx_StdPeriph_Driver\\src\\stm32f4xx_pwr.c 0x00000000   Number         0  stm32f4xx_pwr.o ABSOLUTE
    ..\\..\\Libraries\\STM32F4xx_StdPeriph_Driver\\src\\stm32f4xx_qspi.c 0x00000000   Number         0  stm32f4xx_qspi.o ABSOLUTE
    ..\\..\\Libraries\\STM32F4xx_StdPeriph_Driver\\src\\stm32f4xx_rcc.c 0x00000000   Number         0  stm32f4xx_rcc.o ABSOLUTE
    ..\\..\\Libraries\\STM32F4xx_StdPeriph_Driver\\src\\stm32f4xx_rng.c 0x00000000   Number         0  stm32f4xx_rng.o ABSOLUTE
    ..\\..\\Libraries\\STM32F4xx_StdPeriph_Driver\\src\\stm32f4xx_rtc.c 0x00000000   Number         0  stm32f4xx_rtc.o ABSOLUTE
    ..\\..\\Libraries\\STM32F4xx_StdPeriph_Driver\\src\\stm32f4xx_sai.c 0x00000000   Number         0  stm32f4xx_sai.o ABSOLUTE
    ..\\..\\Libraries\\STM32F4xx_StdPeriph_Driver\\src\\stm32f4xx_sdio.c 0x00000000   Number         0  stm32f4xx_sdio.o ABSOLUTE
    ..\\..\\Libraries\\STM32F4xx_StdPeriph_Driver\\src\\stm32f4xx_spdifrx.c 0x00000000   Number         0  stm32f4xx_spdifrx.o ABSOLUTE
    ..\\..\\Libraries\\STM32F4xx_StdPeriph_Driver\\src\\stm32f4xx_spi.c 0x00000000   Number         0  stm32f4xx_spi.o ABSOLUTE
    ..\\..\\Libraries\\STM32F4xx_StdPeriph_Driver\\src\\stm32f4xx_syscfg.c 0x00000000   Number         0  stm32f4xx_syscfg.o ABSOLUTE
    ..\\..\\Libraries\\STM32F4xx_StdPeriph_Driver\\src\\stm32f4xx_tim.c 0x00000000   Number         0  stm32f4xx_tim.o ABSOLUTE
    ..\\..\\Libraries\\STM32F4xx_StdPeriph_Driver\\src\\stm32f4xx_usart.c 0x00000000   Number         0  stm32f4xx_usart.o ABSOLUTE
    ..\\..\\Libraries\\STM32F4xx_StdPeriph_Driver\\src\\stm32f4xx_wwdg.c 0x00000000   Number         0  stm32f4xx_wwdg.o ABSOLUTE
    ..\\..\\User\\Common\\Common.c           0x00000000   Number         0  common.o ABSOLUTE
    ..\\..\\User\\DHT11\\bsp_dht11.c         0x00000000   Number         0  bsp_dht11.o ABSOLUTE
    ..\\..\\User\\ESP8266\\bsp_esp8266.c     0x00000000   Number         0  bsp_esp8266.o ABSOLUTE
    ..\\..\\User\\MQTTPacket\\samples\\transport.c 0x00000000   Number         0  transport.o ABSOLUTE
    ..\\..\\User\\Test\\test.c               0x00000000   Number         0  test.o ABSOLUTE
    ..\\..\\User\\beep\\bsp_beep.c           0x00000000   Number         0  bsp_beep.o ABSOLUTE
    ..\\..\\User\\key\\bsp_key.c             0x00000000   Number         0  bsp_key.o ABSOLUTE
    ..\\..\\User\\led\\bsp_led.c             0x00000000   Number         0  bsp_led.o ABSOLUTE
    ..\\..\\User\\main.c                     0x00000000   Number         0  main.o ABSOLUTE
    ..\\..\\User\\stm32f4xx_it.c             0x00000000   Number         0  stm32f4xx_it.o ABSOLUTE
    ..\\..\\User\\systick\\bsp_SysTick.c     0x00000000   Number         0  bsp_systick.o ABSOLUTE
    ..\\..\\User\\usart\\bsp_debug_usart.c   0x00000000   Number         0  bsp_debug_usart.o ABSOLUTE
    cdrcmple.s                               0x00000000   Number         0  cdrcmple.o ABSOLUTE
    dc.s                                     0x00000000   Number         0  dc.o ABSOLUTE
    handlers.s                               0x00000000   Number         0  handlers.o ABSOLUTE
    init.s                                   0x00000000   Number         0  init.o ABSOLUTE
    RESET                                    0x08000000   Section      428  startup_stm32f429_439xx.o(RESET)
    .ARM.Collect$$$$00000000                 0x080001ac   Section        0  entry.o(.ARM.Collect$$$$00000000)
    .ARM.Collect$$$$00000001                 0x080001ac   Section        4  entry2.o(.ARM.Collect$$$$00000001)
    .ARM.Collect$$$$00000004                 0x080001b0   Section        4  entry5.o(.ARM.Collect$$$$00000004)
    .ARM.Collect$$$$00000008                 0x080001b4   Section        0  entry7b.o(.ARM.Collect$$$$00000008)
    .ARM.Collect$$$$0000000A                 0x080001b4   Section        0  entry8b.o(.ARM.Collect$$$$0000000A)
    .ARM.Collect$$$$0000000B                 0x080001b4   Section        8  entry9a.o(.ARM.Collect$$$$0000000B)
    .ARM.Collect$$$$0000000D                 0x080001bc   Section        0  entry10a.o(.ARM.Collect$$$$0000000D)
    .ARM.Collect$$$$0000000F                 0x080001bc   Section        0  entry11a.o(.ARM.Collect$$$$0000000F)
    .ARM.Collect$$$$00002712                 0x080001bc   Section        4  entry2.o(.ARM.Collect$$$$00002712)
    __lit__00000000                          0x080001bc   Data           4  entry2.o(.ARM.Collect$$$$00002712)
    .text                                    0x080001c0   Section       36  startup_stm32f429_439xx.o(.text)
    .text                                    0x080001e4   Section        0  memcpya.o(.text)
    .text                                    0x08000208   Section        0  memseta.o(.text)
    .text                                    0x0800022c   Section        0  strcat.o(.text)
    .text                                    0x08000244   Section        0  strstr.o(.text)
    .text                                    0x08000268   Section        0  strlen.o(.text)
    .text                                    0x08000276   Section        0  strcpy.o(.text)
    .text                                    0x08000288   Section        0  uidiv.o(.text)
    .text                                    0x080002b4   Section       36  init.o(.text)
    i.BusFault_Handler                       0x080002d8   Section        0  stm32f4xx_it.o(i.BusFault_Handler)
    i.DHT11_GPIO_Config                      0x080002dc   Section        0  bsp_dht11.o(i.DHT11_GPIO_Config)
    i.DebugMon_Handler                       0x08000310   Section        0  stm32f4xx_it.o(i.DebugMon_Handler)
    i.Debug_USART_Config                     0x08000314   Section        0  bsp_debug_usart.o(i.Debug_USART_Config)
    i.Delay_us                               0x080003ac   Section        0  bsp_systick.o(i.Delay_us)
    i.ESP8266_AT_Test                        0x080003c4   Section        0  bsp_esp8266.o(i.ESP8266_AT_Test)
    i.ESP8266_Cmd                            0x0800040c   Section        0  bsp_esp8266.o(i.ESP8266_Cmd)
    i.ESP8266_Enable_MultipleId              0x080004cc   Section        0  bsp_esp8266.o(i.ESP8266_Enable_MultipleId)
    i.ESP8266_GPIO_Config                    0x0800050c   Section        0  bsp_esp8266.o(i.ESP8266_GPIO_Config)
    ESP8266_GPIO_Config                      0x0800050d   Thumb Code    60  bsp_esp8266.o(i.ESP8266_GPIO_Config)
    i.ESP8266_Init                           0x08000550   Section        0  bsp_esp8266.o(i.ESP8266_Init)
    i.ESP8266_JoinAP                         0x08000574   Section        0  bsp_esp8266.o(i.ESP8266_JoinAP)
    i.ESP8266_Link_Server                    0x080005b4   Section        0  bsp_esp8266.o(i.ESP8266_Link_Server)
    i.ESP8266_MQTT_UnvarnishTest             0x08000674   Section        0  test.o(i.ESP8266_MQTT_UnvarnishTest)
    i.ESP8266_Net_Mode_Choose                0x08000d78   Section        0  bsp_esp8266.o(i.ESP8266_Net_Mode_Choose)
    i.ESP8266_Rst                            0x08000df0   Section        0  bsp_esp8266.o(i.ESP8266_Rst)
    i.ESP8266_SendString                     0x08000e14   Section        0  bsp_esp8266.o(i.ESP8266_SendString)
    i.ESP8266_USART_Config                   0x08000eb0   Section        0  bsp_esp8266.o(i.ESP8266_USART_Config)
    ESP8266_USART_Config                     0x08000eb1   Thumb Code   180  bsp_esp8266.o(i.ESP8266_USART_Config)
    i.ESP8266_USART_NVIC_Configuration       0x08000f6c   Section        0  bsp_esp8266.o(i.ESP8266_USART_NVIC_Configuration)
    ESP8266_USART_NVIC_Configuration         0x08000f6d   Thumb Code    40  bsp_esp8266.o(i.ESP8266_USART_NVIC_Configuration)
    i.ESP8266_UnvarnishSend                  0x08000f94   Section        0  bsp_esp8266.o(i.ESP8266_UnvarnishSend)
    i.GPIO_Init                              0x08000fe0   Section        0  stm32f4xx_gpio.o(i.GPIO_Init)
    i.GPIO_PinAFConfig                       0x08001070   Section        0  stm32f4xx_gpio.o(i.GPIO_PinAFConfig)
    i.GPIO_ReadInputDataBit                  0x080010b6   Section        0  stm32f4xx_gpio.o(i.GPIO_ReadInputDataBit)
    i.GPIO_ResetBits                         0x080010c8   Section        0  stm32f4xx_gpio.o(i.GPIO_ResetBits)
    i.GPIO_SetBits                           0x080010cc   Section        0  stm32f4xx_gpio.o(i.GPIO_SetBits)
    i.HardFault_Handler                      0x080010d0   Section        0  stm32f4xx_it.o(i.HardFault_Handler)
    i.Key_GPIO_Config                        0x080010d4   Section        0  bsp_key.o(i.Key_GPIO_Config)
    i.Key_Scan                               0x08001108   Section        0  bsp_key.o(i.Key_Scan)
    i.LED_GPIO_Config                        0x08001130   Section        0  bsp_led.o(i.LED_GPIO_Config)
    i.MQTTDeserialize_connack                0x08001194   Section        0  mqttconnectclient.o(i.MQTTDeserialize_connack)
    i.MQTTDeserialize_publish                0x0800120a   Section        0  mqttdeserializepublish.o(i.MQTTDeserialize_publish)
    i.MQTTDeserialize_suback                 0x080012b2   Section        0  mqttsubscribeclient.o(i.MQTTDeserialize_suback)
    i.MQTTPacket_decode                      0x08001344   Section        0  mqttpacket.o(i.MQTTPacket_decode)
    i.MQTTPacket_decodeBuf                   0x0800139c   Section        0  mqttpacket.o(i.MQTTPacket_decodeBuf)
    i.MQTTPacket_encode                      0x080013b8   Section        0  mqttpacket.o(i.MQTTPacket_encode)
    i.MQTTPacket_len                         0x080013f0   Section        0  mqttpacket.o(i.MQTTPacket_len)
    i.MQTTPacket_read                        0x08001418   Section        0  mqttpacket.o(i.MQTTPacket_read)
    i.MQTTSerialize_connect                  0x08001480   Section        0  mqttconnectclient.o(i.MQTTSerialize_connect)
    i.MQTTSerialize_connectLength            0x080015e8   Section        0  mqttconnectclient.o(i.MQTTSerialize_connectLength)
    i.MQTTSerialize_disconnect               0x0800165e   Section        0  mqttconnectclient.o(i.MQTTSerialize_disconnect)
    i.MQTTSerialize_publish                  0x08001670   Section        0  mqttserializepublish.o(i.MQTTSerialize_publish)
    i.MQTTSerialize_publishLength            0x08001720   Section        0  mqttserializepublish.o(i.MQTTSerialize_publishLength)
    i.MQTTSerialize_subscribe                0x08001742   Section        0  mqttsubscribeclient.o(i.MQTTSerialize_subscribe)
    i.MQTTSerialize_subscribeLength          0x080017f2   Section        0  mqttsubscribeclient.o(i.MQTTSerialize_subscribeLength)
    i.MQTTSerialize_zero                     0x08001820   Section        0  mqttconnectclient.o(i.MQTTSerialize_zero)
    i.MQTTstrlen                             0x0800186c   Section        0  mqttpacket.o(i.MQTTstrlen)
    i.MemManage_Handler                      0x08001884   Section        0  stm32f4xx_it.o(i.MemManage_Handler)
    i.NMI_Handler                            0x08001888   Section        0  stm32f4xx_it.o(i.NMI_Handler)
    i.NVIC_Init                              0x0800188c   Section        0  misc.o(i.NVIC_Init)
    i.NVIC_PriorityGroupConfig               0x08001904   Section        0  misc.o(i.NVIC_PriorityGroupConfig)
    i.PendSV_Handler                         0x08001918   Section        0  stm32f4xx_it.o(i.PendSV_Handler)
    i.RCC_AHB1PeriphClockCmd                 0x0800191c   Section        0  stm32f4xx_rcc.o(i.RCC_AHB1PeriphClockCmd)
    i.RCC_APB1PeriphClockCmd                 0x0800193c   Section        0  stm32f4xx_rcc.o(i.RCC_APB1PeriphClockCmd)
    i.RCC_APB2PeriphClockCmd                 0x0800195c   Section        0  stm32f4xx_rcc.o(i.RCC_APB2PeriphClockCmd)
    i.RCC_GetClocksFreq                      0x0800197c   Section        0  stm32f4xx_rcc.o(i.RCC_GetClocksFreq)
    i.SVC_Handler                            0x08001a64   Section        0  stm32f4xx_it.o(i.SVC_Handler)
    i.SetSysClock                            0x08001a68   Section        0  system_stm32f4xx.o(i.SetSysClock)
    SetSysClock                              0x08001a69   Thumb Code   272  system_stm32f4xx.o(i.SetSysClock)
    i.SysTick_Handler                        0x08001b88   Section        0  stm32f4xx_it.o(i.SysTick_Handler)
    i.SysTick_Init                           0x08001b90   Section        0  bsp_systick.o(i.SysTick_Init)
    i.SystemInit                             0x08001bf8   Section        0  system_stm32f4xx.o(i.SystemInit)
    i.TimingDelay_Decrement                  0x08001c54   Section        0  bsp_systick.o(i.TimingDelay_Decrement)
    i.USART3_IRQHandler                      0x08001c6c   Section        0  stm32f4xx_it.o(i.USART3_IRQHandler)
    i.USART_Cmd                              0x08001ce8   Section        0  stm32f4xx_usart.o(i.USART_Cmd)
    i.USART_GetFlagStatus                    0x08001d00   Section        0  stm32f4xx_usart.o(i.USART_GetFlagStatus)
    i.USART_GetITStatus                      0x08001d1a   Section        0  stm32f4xx_usart.o(i.USART_GetITStatus)
    i.USART_ITConfig                         0x08001d6e   Section        0  stm32f4xx_usart.o(i.USART_ITConfig)
    i.USART_Init                             0x08001db8   Section        0  stm32f4xx_usart.o(i.USART_Init)
    i.USART_ReceiveData                      0x08001e8c   Section        0  stm32f4xx_usart.o(i.USART_ReceiveData)
    i.USART_SendData                         0x08001e96   Section        0  stm32f4xx_usart.o(i.USART_SendData)
    i.USART_printf                           0x08001e9e   Section        0  common.o(i.USART_printf)
    i.UsageFault_Handler                     0x08001fa4   Section        0  stm32f4xx_it.o(i.UsageFault_Handler)
    i.Usart_SendByte                         0x08001fa8   Section        0  bsp_debug_usart.o(i.Usart_SendByte)
    i.__0printf$6                            0x08001fc8   Section        0  printf6.o(i.__0printf$6)
    i.__0sprintf$6                           0x08001fe8   Section        0  printf6.o(i.__0sprintf$6)
    i.__scatterload_copy                     0x08002010   Section       14  handlers.o(i.__scatterload_copy)
    i.__scatterload_null                     0x0800201e   Section        2  handlers.o(i.__scatterload_null)
    i.__scatterload_zeroinit                 0x08002020   Section       14  handlers.o(i.__scatterload_zeroinit)
    i._printf_core                           0x08002030   Section        0  printf6.o(i._printf_core)
    _printf_core                             0x08002031   Thumb Code   748  printf6.o(i._printf_core)
    i._printf_post_padding                   0x08002320   Section        0  printf6.o(i._printf_post_padding)
    _printf_post_padding                     0x08002321   Thumb Code    36  printf6.o(i._printf_post_padding)
    i._printf_pre_padding                    0x08002344   Section        0  printf6.o(i._printf_pre_padding)
    _printf_pre_padding                      0x08002345   Thumb Code    46  printf6.o(i._printf_pre_padding)
    i._sputc                                 0x08002372   Section        0  printf6.o(i._sputc)
    _sputc                                   0x08002373   Thumb Code    10  printf6.o(i._sputc)
    i.bufchar                                0x0800237c   Section        0  mqttpacket.o(i.bufchar)
    i.fputc                                  0x080023a4   Section        0  bsp_debug_usart.o(i.fputc)
    i.free                                   0x080023c8   Section        0  malloc.o(i.free)
    i.itoa                                   0x08002418   Section        0  common.o(i.itoa)
    itoa                                     0x08002419   Thumb Code    98  common.o(i.itoa)
    i.main                                   0x0800247c   Section        0  main.o(i.main)
    i.malloc                                 0x080024d0   Section        0  malloc.o(i.malloc)
    i.readChar                               0x0800253c   Section        0  mqttpacket.o(i.readChar)
    i.readInt                                0x0800254a   Section        0  mqttpacket.o(i.readInt)
    i.readMQTTLenString                      0x08002564   Section        0  mqttpacket.o(i.readMQTTLenString)
    i.transport_getdata                      0x080025a0   Section        0  transport.o(i.transport_getdata)
    i.transport_sendPacketBuffer             0x080025c4   Section        0  transport.o(i.transport_sendPacketBuffer)
    i.usart1_getc                            0x08002774   Section        0  bsp_debug_usart.o(i.usart1_getc)
    i.usart1_getstr                          0x08002798   Section        0  bsp_debug_usart.o(i.usart1_getstr)
    i.writeCString                           0x080027b4   Section        0  mqttpacket.o(i.writeCString)
    i.writeChar                              0x080027dc   Section        0  mqttpacket.o(i.writeChar)
    i.writeInt                               0x080027e8   Section        0  mqttpacket.o(i.writeInt)
    i.writeMQTTString                        0x08002818   Section        0  mqttpacket.o(i.writeMQTTString)
    .constdata                               0x08002858   Section       88  test.o(.constdata)
    .data                                    0x20000000   Section       20  system_stm32f4xx.o(.data)
    .data                                    0x20000014   Section       16  stm32f4xx_rcc.o(.data)
    APBAHBPrescTable                         0x20000014   Data          16  stm32f4xx_rcc.o(.data)
    .data                                    0x20000024   Section        4  bsp_systick.o(.data)
    TimingDelay                              0x20000024   Data           4  bsp_systick.o(.data)
    .data                                    0x20000028   Section        4  mqttpacket.o(.data)
    bufptr                                   0x20000028   Data           4  mqttpacket.o(.data)
    .data                                    0x2000002c   Section       28  transport.o(.data)
    mysock                                   0x2000002c   Data           4  transport.o(.data)
    first_index_to_read                      0x20000030   Data           4  transport.o(.data)
    END_CHAR_ERROR                           0x20000034   Data           4  transport.o(.data)
    AT_CIPSEND_ERROR                         0x20000038   Data           4  transport.o(.data)
    AT_CGATT_ERROR                           0x2000003c   Data           4  transport.o(.data)
    AT_CGATT1_ERROR                          0x20000040   Data           4  transport.o(.data)
    AT_CIPSTART_ERROR                        0x20000044   Data           4  transport.o(.data)
    .data                                    0x20000048   Section        4  stdout.o(.data)
    .data                                    0x2000004c   Section        4  mvars.o(.data)
    .data                                    0x20000050   Section        4  mvars.o(.data)
    .bss                                     0x20000054   Section     1026  bsp_esp8266.o(.bss)
    HEAP                                     0x20000458   Section      512  startup_stm32f429_439xx.o(HEAP)
    STACK                                    0x20000658   Section     1024  startup_stm32f429_439xx.o(STACK)

    Global Symbols

    Symbol Name                              Value     Ov Type        Size  Object(Section)

    BuildAttributes$$THM_ISAv4$E$P$D$K$B$S$7EM$PE$A:L22UL41UL21$X:L11$S22US41US21$IEEE1$IW$USESV6$~STKCKD$USESV7$~SHL$OSPACE$ROPI$EBA8$MICROLIB$REQ8$PRES8$EABIv2 0x00000000   Number         0  anon$$obj.o ABSOLUTE
    __ARM_use_no_argv                        0x00000000   Number         0  main.o ABSOLUTE
    _printf_a                                0x00000000   Number         0  stubs.o ABSOLUTE
    _printf_c                                0x00000000   Number         0  stubs.o ABSOLUTE
    _printf_charcount                        0x00000000   Number         0  stubs.o ABSOLUTE
    _printf_d                                0x00000000   Number         0  stubs.o ABSOLUTE
    _printf_e                                0x00000000   Number         0  stubs.o ABSOLUTE
    _printf_f                                0x00000000   Number         0  stubs.o ABSOLUTE
    _printf_flags                            0x00000000   Number         0  stubs.o ABSOLUTE
    _printf_fp_dec                           0x00000000   Number         0  stubs.o ABSOLUTE
    _printf_fp_hex                           0x00000000   Number         0  stubs.o ABSOLUTE
    _printf_g                                0x00000000   Number         0  stubs.o ABSOLUTE
    _printf_i                                0x00000000   Number         0  stubs.o ABSOLUTE
    _printf_int_dec                          0x00000000   Number         0  stubs.o ABSOLUTE
    _printf_l                                0x00000000   Number         0  stubs.o ABSOLUTE
    _printf_lc                               0x00000000   Number         0  stubs.o ABSOLUTE
    _printf_ll                               0x00000000   Number         0  stubs.o ABSOLUTE
    _printf_lld                              0x00000000   Number         0  stubs.o ABSOLUTE
    _printf_lli                              0x00000000   Number         0  stubs.o ABSOLUTE
    _printf_llo                              0x00000000   Number         0  stubs.o ABSOLUTE
    _printf_llu                              0x00000000   Number         0  stubs.o ABSOLUTE
    _printf_llx                              0x00000000   Number         0  stubs.o ABSOLUTE
    _printf_longlong_dec                     0x00000000   Number         0  stubs.o ABSOLUTE
    _printf_longlong_hex                     0x00000000   Number         0  stubs.o ABSOLUTE
    _printf_longlong_oct                     0x00000000   Number         0  stubs.o ABSOLUTE
    _printf_ls                               0x00000000   Number         0  stubs.o ABSOLUTE
    _printf_mbtowc                           0x00000000   Number         0  stubs.o ABSOLUTE
    _printf_n                                0x00000000   Number         0  stubs.o ABSOLUTE
    _printf_o                                0x00000000   Number         0  stubs.o ABSOLUTE
    _printf_p                                0x00000000   Number         0  stubs.o ABSOLUTE
    _printf_percent                          0x00000000   Number         0  stubs.o ABSOLUTE
    _printf_pre_padding                      0x00000000   Number         0  stubs.o ABSOLUTE
    _printf_return_value                     0x00000000   Number         0  stubs.o ABSOLUTE
    _printf_s                                0x00000000   Number         0  stubs.o ABSOLUTE
    _printf_sizespec                         0x00000000   Number         0  stubs.o ABSOLUTE
    _printf_str                              0x00000000   Number         0  stubs.o ABSOLUTE
    _printf_truncate_signed                  0x00000000   Number         0  stubs.o ABSOLUTE
    _printf_truncate_unsigned                0x00000000   Number         0  stubs.o ABSOLUTE
    _printf_u                                0x00000000   Number         0  stubs.o ABSOLUTE
    _printf_wc                               0x00000000   Number         0  stubs.o ABSOLUTE
    _printf_wctomb                           0x00000000   Number         0  stubs.o ABSOLUTE
    _printf_widthprec                        0x00000000   Number         0  stubs.o ABSOLUTE
    _printf_x                                0x00000000   Number         0  stubs.o ABSOLUTE
    __cpp_initialize__aeabi_                  - Undefined Weak Reference
    __cxa_finalize                            - Undefined Weak Reference
    __decompress                              - Undefined Weak Reference
    _clock_init                               - Undefined Weak Reference
    _microlib_exit                            - Undefined Weak Reference
    __Vectors_Size                           0x000001ac   Number         0  startup_stm32f429_439xx.o ABSOLUTE
    __Vectors                                0x08000000   Data           4  startup_stm32f429_439xx.o(RESET)
    __Vectors_End                            0x080001ac   Data           0  startup_stm32f429_439xx.o(RESET)
    __main                                   0x080001ad   Thumb Code     0  entry.o(.ARM.Collect$$$$00000000)
    _main_stk                                0x080001ad   Thumb Code     0  entry2.o(.ARM.Collect$$$$00000001)
    _main_scatterload                        0x080001b1   Thumb Code     0  entry5.o(.ARM.Collect$$$$00000004)
    __main_after_scatterload                 0x080001b5   Thumb Code     0  entry5.o(.ARM.Collect$$$$00000004)
    _main_clock                              0x080001b5   Thumb Code     0  entry7b.o(.ARM.Collect$$$$00000008)
    _main_cpp_init                           0x080001b5   Thumb Code     0  entry8b.o(.ARM.Collect$$$$0000000A)
    _main_init                               0x080001b5   Thumb Code     0  entry9a.o(.ARM.Collect$$$$0000000B)
    __rt_final_cpp                           0x080001bd   Thumb Code     0  entry10a.o(.ARM.Collect$$$$0000000D)
    __rt_final_exit                          0x080001bd   Thumb Code     0  entry11a.o(.ARM.Collect$$$$0000000F)
    Reset_Handler                            0x080001c1   Thumb Code     8  startup_stm32f429_439xx.o(.text)
    ADC_IRQHandler                           0x080001db   Thumb Code     0  startup_stm32f429_439xx.o(.text)
    CAN1_RX0_IRQHandler                      0x080001db   Thumb Code     0  startup_stm32f429_439xx.o(.text)
    CAN1_RX1_IRQHandler                      0x080001db   Thumb Code     0  startup_stm32f429_439xx.o(.text)
    CAN1_SCE_IRQHandler                      0x080001db   Thumb Code     0  startup_stm32f429_439xx.o(.text)
    CAN1_TX_IRQHandler                       0x080001db   Thumb Code     0  startup_stm32f429_439xx.o(.text)
    CAN2_RX0_IRQHandler                      0x080001db   Thumb Code     0  startup_stm32f429_439xx.o(.text)
    CAN2_RX1_IRQHandler                      0x080001db   Thumb Code     0  startup_stm32f429_439xx.o(.text)
    CAN2_SCE_IRQHandler                      0x080001db   Thumb Code     0  startup_stm32f429_439xx.o(.text)
    CAN2_TX_IRQHandler                       0x080001db   Thumb Code     0  startup_stm32f429_439xx.o(.text)
    CRYP_IRQHandler                          0x080001db   Thumb Code     0  startup_stm32f429_439xx.o(.text)
    DCMI_IRQHandler                          0x080001db   Thumb Code     0  startup_stm32f429_439xx.o(.text)
    DMA1_Stream0_IRQHandler                  0x080001db   Thumb Code     0  startup_stm32f429_439xx.o(.text)
    DMA1_Stream1_IRQHandler                  0x080001db   Thumb Code     0  startup_stm32f429_439xx.o(.text)
    DMA1_Stream2_IRQHandler                  0x080001db   Thumb Code     0  startup_stm32f429_439xx.o(.text)
    DMA1_Stream3_IRQHandler                  0x080001db   Thumb Code     0  startup_stm32f429_439xx.o(.text)
    DMA1_Stream4_IRQHandler                  0x080001db   Thumb Code     0  startup_stm32f429_439xx.o(.text)
    DMA1_Stream5_IRQHandler                  0x080001db   Thumb Code     0  startup_stm32f429_439xx.o(.text)
    DMA1_Stream6_IRQHandler                  0x080001db   Thumb Code     0  startup_stm32f429_439xx.o(.text)
    DMA1_Stream7_IRQHandler                  0x080001db   Thumb Code     0  startup_stm32f429_439xx.o(.text)
    DMA2D_IRQHandler                         0x080001db   Thumb Code     0  startup_stm32f429_439xx.o(.text)
    DMA2_Stream0_IRQHandler                  0x080001db   Thumb Code     0  startup_stm32f429_439xx.o(.text)
    DMA2_Stream1_IRQHandler                  0x080001db   Thumb Code     0  startup_stm32f429_439xx.o(.text)
    DMA2_Stream2_IRQHandler                  0x080001db   Thumb Code     0  startup_stm32f429_439xx.o(.text)
    DMA2_Stream3_IRQHandler                  0x080001db   Thumb Code     0  startup_stm32f429_439xx.o(.text)
    DMA2_Stream4_IRQHandler                  0x080001db   Thumb Code     0  startup_stm32f429_439xx.o(.text)
    DMA2_Stream5_IRQHandler                  0x080001db   Thumb Code     0  startup_stm32f429_439xx.o(.text)
    DMA2_Stream6_IRQHandler                  0x080001db   Thumb Code     0  startup_stm32f429_439xx.o(.text)
    DMA2_Stream7_IRQHandler                  0x080001db   Thumb Code     0  startup_stm32f429_439xx.o(.text)
    ETH_IRQHandler                           0x080001db   Thumb Code     0  startup_stm32f429_439xx.o(.text)
    ETH_WKUP_IRQHandler                      0x080001db   Thumb Code     0  startup_stm32f429_439xx.o(.text)
    EXTI0_IRQHandler                         0x080001db   Thumb Code     0  startup_stm32f429_439xx.o(.text)
    EXTI15_10_IRQHandler                     0x080001db   Thumb Code     0  startup_stm32f429_439xx.o(.text)
    EXTI1_IRQHandler                         0x080001db   Thumb Code     0  startup_stm32f429_439xx.o(.text)
    EXTI2_IRQHandler                         0x080001db   Thumb Code     0  startup_stm32f429_439xx.o(.text)
    EXTI3_IRQHandler                         0x080001db   Thumb Code     0  startup_stm32f429_439xx.o(.text)
    EXTI4_IRQHandler                         0x080001db   Thumb Code     0  startup_stm32f429_439xx.o(.text)
    EXTI9_5_IRQHandler                       0x080001db   Thumb Code     0  startup_stm32f429_439xx.o(.text)
    FLASH_IRQHandler                         0x080001db   Thumb Code     0  startup_stm32f429_439xx.o(.text)
    FMC_IRQHandler                           0x080001db   Thumb Code     0  startup_stm32f429_439xx.o(.text)
    FPU_IRQHandler                           0x080001db   Thumb Code     0  startup_stm32f429_439xx.o(.text)
    HASH_RNG_IRQHandler                      0x080001db   Thumb Code     0  startup_stm32f429_439xx.o(.text)
    I2C1_ER_IRQHandler                       0x080001db   Thumb Code     0  startup_stm32f429_439xx.o(.text)
    I2C1_EV_IRQHandler                       0x080001db   Thumb Code     0  startup_stm32f429_439xx.o(.text)
    I2C2_ER_IRQHandler                       0x080001db   Thumb Code     0  startup_stm32f429_439xx.o(.text)
    I2C2_EV_IRQHandler                       0x080001db   Thumb Code     0  startup_stm32f429_439xx.o(.text)
    I2C3_ER_IRQHandler                       0x080001db   Thumb Code     0  startup_stm32f429_439xx.o(.text)
    I2C3_EV_IRQHandler                       0x080001db   Thumb Code     0  startup_stm32f429_439xx.o(.text)
    LTDC_ER_IRQHandler                       0x080001db   Thumb Code     0  startup_stm32f429_439xx.o(.text)
    LTDC_IRQHandler                          0x080001db   Thumb Code     0  startup_stm32f429_439xx.o(.text)
    OTG_FS_IRQHandler                        0x080001db   Thumb Code     0  startup_stm32f429_439xx.o(.text)
    OTG_FS_WKUP_IRQHandler                   0x080001db   Thumb Code     0  startup_stm32f429_439xx.o(.text)
    OTG_HS_EP1_IN_IRQHandler                 0x080001db   Thumb Code     0  startup_stm32f429_439xx.o(.text)
    OTG_HS_EP1_OUT_IRQHandler                0x080001db   Thumb Code     0  startup_stm32f429_439xx.o(.text)
    OTG_HS_IRQHandler                        0x080001db   Thumb Code     0  startup_stm32f429_439xx.o(.text)
    OTG_HS_WKUP_IRQHandler                   0x080001db   Thumb Code     0  startup_stm32f429_439xx.o(.text)
    PVD_IRQHandler                           0x080001db   Thumb Code     0  startup_stm32f429_439xx.o(.text)
    RCC_IRQHandler                           0x080001db   Thumb Code     0  startup_stm32f429_439xx.o(.text)
    RTC_Alarm_IRQHandler                     0x080001db   Thumb Code     0  startup_stm32f429_439xx.o(.text)
    RTC_WKUP_IRQHandler                      0x080001db   Thumb Code     0  startup_stm32f429_439xx.o(.text)
    SAI1_IRQHandler                          0x080001db   Thumb Code     0  startup_stm32f429_439xx.o(.text)
    SDIO_IRQHandler                          0x080001db   Thumb Code     0  startup_stm32f429_439xx.o(.text)
    SPI1_IRQHandler                          0x080001db   Thumb Code     0  startup_stm32f429_439xx.o(.text)
    SPI2_IRQHandler                          0x080001db   Thumb Code     0  startup_stm32f429_439xx.o(.text)
    SPI3_IRQHandler                          0x080001db   Thumb Code     0  startup_stm32f429_439xx.o(.text)
    SPI4_IRQHandler                          0x080001db   Thumb Code     0  startup_stm32f429_439xx.o(.text)
    SPI5_IRQHandler                          0x080001db   Thumb Code     0  startup_stm32f429_439xx.o(.text)
    SPI6_IRQHandler                          0x080001db   Thumb Code     0  startup_stm32f429_439xx.o(.text)
    TAMP_STAMP_IRQHandler                    0x080001db   Thumb Code     0  startup_stm32f429_439xx.o(.text)
    TIM1_BRK_TIM9_IRQHandler                 0x080001db   Thumb Code     0  startup_stm32f429_439xx.o(.text)
    TIM1_CC_IRQHandler                       0x080001db   Thumb Code     0  startup_stm32f429_439xx.o(.text)
    TIM1_TRG_COM_TIM11_IRQHandler            0x080001db   Thumb Code     0  startup_stm32f429_439xx.o(.text)
    TIM1_UP_TIM10_IRQHandler                 0x080001db   Thumb Code     0  startup_stm32f429_439xx.o(.text)
    TIM2_IRQHandler                          0x080001db   Thumb Code     0  startup_stm32f429_439xx.o(.text)
    TIM3_IRQHandler                          0x080001db   Thumb Code     0  startup_stm32f429_439xx.o(.text)
    TIM4_IRQHandler                          0x080001db   Thumb Code     0  startup_stm32f429_439xx.o(.text)
    TIM5_IRQHandler                          0x080001db   Thumb Code     0  startup_stm32f429_439xx.o(.text)
    TIM6_DAC_IRQHandler                      0x080001db   Thumb Code     0  startup_stm32f429_439xx.o(.text)
    TIM7_IRQHandler                          0x080001db   Thumb Code     0  startup_stm32f429_439xx.o(.text)
    TIM8_BRK_TIM12_IRQHandler                0x080001db   Thumb Code     0  startup_stm32f429_439xx.o(.text)
    TIM8_CC_IRQHandler                       0x080001db   Thumb Code     0  startup_stm32f429_439xx.o(.text)
    TIM8_TRG_COM_TIM14_IRQHandler            0x080001db   Thumb Code     0  startup_stm32f429_439xx.o(.text)
    TIM8_UP_TIM13_IRQHandler                 0x080001db   Thumb Code     0  startup_stm32f429_439xx.o(.text)
    UART4_IRQHandler                         0x080001db   Thumb Code     0  startup_stm32f429_439xx.o(.text)
    UART5_IRQHandler                         0x080001db   Thumb Code     0  startup_stm32f429_439xx.o(.text)
    UART7_IRQHandler                         0x080001db   Thumb Code     0  startup_stm32f429_439xx.o(.text)
    UART8_IRQHandler                         0x080001db   Thumb Code     0  startup_stm32f429_439xx.o(.text)
    USART1_IRQHandler                        0x080001db   Thumb Code     0  startup_stm32f429_439xx.o(.text)
    USART2_IRQHandler                        0x080001db   Thumb Code     0  startup_stm32f429_439xx.o(.text)
    USART6_IRQHandler                        0x080001db   Thumb Code     0  startup_stm32f429_439xx.o(.text)
    WWDG_IRQHandler                          0x080001db   Thumb Code     0  startup_stm32f429_439xx.o(.text)
    __aeabi_memcpy                           0x080001e5   Thumb Code    36  memcpya.o(.text)
    __aeabi_memcpy4                          0x080001e5   Thumb Code     0  memcpya.o(.text)
    __aeabi_memcpy8                          0x080001e5   Thumb Code     0  memcpya.o(.text)
    __aeabi_memset                           0x08000209   Thumb Code    14  memseta.o(.text)
    __aeabi_memset4                          0x08000209   Thumb Code     0  memseta.o(.text)
    __aeabi_memset8                          0x08000209   Thumb Code     0  memseta.o(.text)
    __aeabi_memclr                           0x08000217   Thumb Code     4  memseta.o(.text)
    __aeabi_memclr4                          0x08000217   Thumb Code     0  memseta.o(.text)
    __aeabi_memclr8                          0x08000217   Thumb Code     0  memseta.o(.text)
    _memset$wrapper                          0x0800021b   Thumb Code    18  memseta.o(.text)
    strcat                                   0x0800022d   Thumb Code    24  strcat.o(.text)
    strstr                                   0x08000245   Thumb Code    36  strstr.o(.text)
    strlen                                   0x08000269   Thumb Code    14  strlen.o(.text)
    strcpy                                   0x08000277   Thumb Code    18  strcpy.o(.text)
    __aeabi_uidiv                            0x08000289   Thumb Code     0  uidiv.o(.text)
    __aeabi_uidivmod                         0x08000289   Thumb Code    44  uidiv.o(.text)
    __scatterload                            0x080002b5   Thumb Code    28  init.o(.text)
    __scatterload_rt2                        0x080002b5   Thumb Code     0  init.o(.text)
    BusFault_Handler                         0x080002d9   Thumb Code     4  stm32f4xx_it.o(i.BusFault_Handler)
    DHT11_GPIO_Config                        0x080002dd   Thumb Code    48  bsp_dht11.o(i.DHT11_GPIO_Config)
    DebugMon_Handler                         0x08000311   Thumb Code     2  stm32f4xx_it.o(i.DebugMon_Handler)
    Debug_USART_Config                       0x08000315   Thumb Code   144  bsp_debug_usart.o(i.Debug_USART_Config)
    Delay_us                                 0x080003ad   Thumb Code    20  bsp_systick.o(i.Delay_us)
    ESP8266_AT_Test                          0x080003c5   Thumb Code    54  bsp_esp8266.o(i.ESP8266_AT_Test)
    ESP8266_Cmd                              0x0800040d   Thumb Code   170  bsp_esp8266.o(i.ESP8266_Cmd)
    ESP8266_Enable_MultipleId                0x080004cd   Thumb Code    42  bsp_esp8266.o(i.ESP8266_Enable_MultipleId)
    ESP8266_Init                             0x08000551   Thumb Code    28  bsp_esp8266.o(i.ESP8266_Init)
    ESP8266_JoinAP                           0x08000575   Thumb Code    38  bsp_esp8266.o(i.ESP8266_JoinAP)
    ESP8266_Link_Server                      0x080005b5   Thumb Code   110  bsp_esp8266.o(i.ESP8266_Link_Server)
    ESP8266_MQTT_UnvarnishTest               0x08000675   Thumb Code  1726  test.o(i.ESP8266_MQTT_UnvarnishTest)
    ESP8266_Net_Mode_Choose                  0x08000d79   Thumb Code    68  bsp_esp8266.o(i.ESP8266_Net_Mode_Choose)
    ESP8266_Rst                              0x08000df1   Thumb Code    26  bsp_esp8266.o(i.ESP8266_Rst)
    ESP8266_SendString                       0x08000e15   Thumb Code   100  bsp_esp8266.o(i.ESP8266_SendString)
    ESP8266_UnvarnishSend                    0x08000f95   Thumb Code    38  bsp_esp8266.o(i.ESP8266_UnvarnishSend)
    GPIO_Init                                0x08000fe1   Thumb Code   144  stm32f4xx_gpio.o(i.GPIO_Init)
    GPIO_PinAFConfig                         0x08001071   Thumb Code    70  stm32f4xx_gpio.o(i.GPIO_PinAFConfig)
    GPIO_ReadInputDataBit                    0x080010b7   Thumb Code    18  stm32f4xx_gpio.o(i.GPIO_ReadInputDataBit)
    GPIO_ResetBits                           0x080010c9   Thumb Code     4  stm32f4xx_gpio.o(i.GPIO_ResetBits)
    GPIO_SetBits                             0x080010cd   Thumb Code     4  stm32f4xx_gpio.o(i.GPIO_SetBits)
    HardFault_Handler                        0x080010d1   Thumb Code     4  stm32f4xx_it.o(i.HardFault_Handler)
    Key_GPIO_Config                          0x080010d5   Thumb Code    48  bsp_key.o(i.Key_GPIO_Config)
    Key_Scan                                 0x08001109   Thumb Code    40  bsp_key.o(i.Key_Scan)
    LED_GPIO_Config                          0x08001131   Thumb Code    96  bsp_led.o(i.LED_GPIO_Config)
    MQTTDeserialize_connack                  0x08001195   Thumb Code   118  mqttconnectclient.o(i.MQTTDeserialize_connack)
    MQTTDeserialize_publish                  0x0800120b   Thumb Code   168  mqttdeserializepublish.o(i.MQTTDeserialize_publish)
    MQTTDeserialize_suback                   0x080012b3   Thumb Code   146  mqttsubscribeclient.o(i.MQTTDeserialize_suback)
    MQTTPacket_decode                        0x08001345   Thumb Code    88  mqttpacket.o(i.MQTTPacket_decode)
    MQTTPacket_decodeBuf                     0x0800139d   Thumb Code    20  mqttpacket.o(i.MQTTPacket_decodeBuf)
    MQTTPacket_encode                        0x080013b9   Thumb Code    54  mqttpacket.o(i.MQTTPacket_encode)
    MQTTPacket_len                           0x080013f1   Thumb Code    34  mqttpacket.o(i.MQTTPacket_len)
    MQTTPacket_read                          0x08001419   Thumb Code   102  mqttpacket.o(i.MQTTPacket_read)
    MQTTSerialize_connect                    0x08001481   Thumb Code   342  mqttconnectclient.o(i.MQTTSerialize_connect)
    MQTTSerialize_connectLength              0x080015e9   Thumb Code   118  mqttconnectclient.o(i.MQTTSerialize_connectLength)
    MQTTSerialize_disconnect                 0x0800165f   Thumb Code    18  mqttconnectclient.o(i.MQTTSerialize_disconnect)
    MQTTSerialize_publish                    0x08001671   Thumb Code   176  mqttserializepublish.o(i.MQTTSerialize_publish)
    MQTTSerialize_publishLength              0x08001721   Thumb Code    34  mqttserializepublish.o(i.MQTTSerialize_publishLength)
    MQTTSerialize_subscribe                  0x08001743   Thumb Code   176  mqttsubscribeclient.o(i.MQTTSerialize_subscribe)
    MQTTSerialize_subscribeLength            0x080017f3   Thumb Code    46  mqttsubscribeclient.o(i.MQTTSerialize_subscribeLength)
    MQTTSerialize_zero                       0x08001821   Thumb Code    76  mqttconnectclient.o(i.MQTTSerialize_zero)
    MQTTstrlen                               0x0800186d   Thumb Code    24  mqttpacket.o(i.MQTTstrlen)
    MemManage_Handler                        0x08001885   Thumb Code     4  stm32f4xx_it.o(i.MemManage_Handler)
    NMI_Handler                              0x08001889   Thumb Code     2  stm32f4xx_it.o(i.NMI_Handler)
    NVIC_Init                                0x0800188d   Thumb Code   106  misc.o(i.NVIC_Init)
    NVIC_PriorityGroupConfig                 0x08001905   Thumb Code    10  misc.o(i.NVIC_PriorityGroupConfig)
    PendSV_Handler                           0x08001919   Thumb Code     2  stm32f4xx_it.o(i.PendSV_Handler)
    RCC_AHB1PeriphClockCmd                   0x0800191d   Thumb Code    26  stm32f4xx_rcc.o(i.RCC_AHB1PeriphClockCmd)
    RCC_APB1PeriphClockCmd                   0x0800193d   Thumb Code    26  stm32f4xx_rcc.o(i.RCC_APB1PeriphClockCmd)
    RCC_APB2PeriphClockCmd                   0x0800195d   Thumb Code    26  stm32f4xx_rcc.o(i.RCC_APB2PeriphClockCmd)
    RCC_GetClocksFreq                        0x0800197d   Thumb Code   214  stm32f4xx_rcc.o(i.RCC_GetClocksFreq)
    SVC_Handler                              0x08001a65   Thumb Code     2  stm32f4xx_it.o(i.SVC_Handler)
    SysTick_Handler                          0x08001b89   Thumb Code     8  stm32f4xx_it.o(i.SysTick_Handler)
    SysTick_Init                             0x08001b91   Thumb Code    88  bsp_systick.o(i.SysTick_Init)
    SystemInit                               0x08001bf9   Thumb Code    74  system_stm32f4xx.o(i.SystemInit)
    TimingDelay_Decrement                    0x08001c55   Thumb Code    18  bsp_systick.o(i.TimingDelay_Decrement)
    USART3_IRQHandler                        0x08001c6d   Thumb Code   114  stm32f4xx_it.o(i.USART3_IRQHandler)
    USART_Cmd                                0x08001ce9   Thumb Code    24  stm32f4xx_usart.o(i.USART_Cmd)
    USART_GetFlagStatus                      0x08001d01   Thumb Code    26  stm32f4xx_usart.o(i.USART_GetFlagStatus)
    USART_GetITStatus                        0x08001d1b   Thumb Code    84  stm32f4xx_usart.o(i.USART_GetITStatus)
    USART_ITConfig                           0x08001d6f   Thumb Code    74  stm32f4xx_usart.o(i.USART_ITConfig)
    USART_Init                               0x08001db9   Thumb Code   204  stm32f4xx_usart.o(i.USART_Init)
    USART_ReceiveData                        0x08001e8d   Thumb Code    10  stm32f4xx_usart.o(i.USART_ReceiveData)
    USART_SendData                           0x08001e97   Thumb Code     8  stm32f4xx_usart.o(i.USART_SendData)
    USART_printf                             0x08001e9f   Thumb Code   262  common.o(i.USART_printf)
    UsageFault_Handler                       0x08001fa5   Thumb Code     4  stm32f4xx_it.o(i.UsageFault_Handler)
    Usart_SendByte                           0x08001fa9   Thumb Code    30  bsp_debug_usart.o(i.Usart_SendByte)
    __0printf$6                              0x08001fc9   Thumb Code    22  printf6.o(i.__0printf$6)
    __1printf$6                              0x08001fc9   Thumb Code     0  printf6.o(i.__0printf$6)
    __2printf                                0x08001fc9   Thumb Code     0  printf6.o(i.__0printf$6)
    __0sprintf$6                             0x08001fe9   Thumb Code    34  printf6.o(i.__0sprintf$6)
    __1sprintf$6                             0x08001fe9   Thumb Code     0  printf6.o(i.__0sprintf$6)
    __2sprintf                               0x08001fe9   Thumb Code     0  printf6.o(i.__0sprintf$6)
    __scatterload_copy                       0x08002011   Thumb Code    14  handlers.o(i.__scatterload_copy)
    __scatterload_null                       0x0800201f   Thumb Code     2  handlers.o(i.__scatterload_null)
    __scatterload_zeroinit                   0x08002021   Thumb Code    14  handlers.o(i.__scatterload_zeroinit)
    bufchar                                  0x0800237d   Thumb Code    36  mqttpacket.o(i.bufchar)
    fputc                                    0x080023a5   Thumb Code    32  bsp_debug_usart.o(i.fputc)
    free                                     0x080023c9   Thumb Code    76  malloc.o(i.free)
    main                                     0x0800247d   Thumb Code    40  main.o(i.main)
    malloc                                   0x080024d1   Thumb Code    92  malloc.o(i.malloc)
    readChar                                 0x0800253d   Thumb Code    14  mqttpacket.o(i.readChar)
    readInt                                  0x0800254b   Thumb Code    26  mqttpacket.o(i.readInt)
    readMQTTLenString                        0x08002565   Thumb Code    58  mqttpacket.o(i.readMQTTLenString)
    transport_getdata                        0x080025a1   Thumb Code    30  transport.o(i.transport_getdata)
    transport_sendPacketBuffer               0x080025c5   Thumb Code   284  transport.o(i.transport_sendPacketBuffer)
    usart1_getc                              0x08002775   Thumb Code    30  bsp_debug_usart.o(i.usart1_getc)
    usart1_getstr                            0x08002799   Thumb Code    28  bsp_debug_usart.o(i.usart1_getstr)
    writeCString                             0x080027b5   Thumb Code    40  mqttpacket.o(i.writeCString)
    writeChar                                0x080027dd   Thumb Code    12  mqttpacket.o(i.writeChar)
    writeInt                                 0x080027e9   Thumb Code    48  mqttpacket.o(i.writeInt)
    writeMQTTString                          0x08002819   Thumb Code    62  mqttpacket.o(i.writeMQTTString)
    Region$$Table$$Base                      0x080028b0   Number         0  anon$$obj.o(Region$$Table)
    Region$$Table$$Limit                     0x080028d0   Number         0  anon$$obj.o(Region$$Table)
    SystemCoreClock                          0x20000000   Data           4  system_stm32f4xx.o(.data)
    AHBPrescTable                            0x20000004   Data          16  system_stm32f4xx.o(.data)
    __stdout                                 0x20000048   Data           4  stdout.o(.data)
    __microlib_freelist                      0x2000004c   Data           4  mvars.o(.data)
    __microlib_freelist_initialised          0x20000050   Data           4  mvars.o(.data)
    strEsp8266_Fram_Record                   0x20000054   Data        1026  bsp_esp8266.o(.bss)
    __heap_base                              0x20000458   Data           0  startup_stm32f429_439xx.o(HEAP)
    __heap_limit                             0x20000658   Data           0  startup_stm32f429_439xx.o(HEAP)
    __initial_sp                             0x20000a58   Data           0  startup_stm32f429_439xx.o(STACK)



==============================================================================

Memory Map of the image

  Image Entry point : 0x080001ad

  Load Region LR_IROM1 (Base: 0x08000000, Size: 0x00002924, Max: 0x00100000, ABSOLUTE)

    Execution Region ER_IROM1 (Base: 0x08000000, Size: 0x000028d0, Max: 0x00100000, ABSOLUTE)

    Base Addr    Size         Type   Attr      Idx    E Section Name        Object

    0x08000000   0x000001ac   Data   RO            3    RESET               startup_stm32f429_439xx.o
    0x080001ac   0x00000000   Code   RO         6293  * .ARM.Collect$$$$00000000  mc_w.l(entry.o)
    0x080001ac   0x00000004   Code   RO         6606    .ARM.Collect$$$$00000001  mc_w.l(entry2.o)
    0x080001b0   0x00000004   Code   RO         6609    .ARM.Collect$$$$00000004  mc_w.l(entry5.o)
    0x080001b4   0x00000000   Code   RO         6611    .ARM.Collect$$$$00000008  mc_w.l(entry7b.o)
    0x080001b4   0x00000000   Code   RO         6613    .ARM.Collect$$$$0000000A  mc_w.l(entry8b.o)
    0x080001b4   0x00000008   Code   RO         6614    .ARM.Collect$$$$0000000B  mc_w.l(entry9a.o)
    0x080001bc   0x00000000   Code   RO         6616    .ARM.Collect$$$$0000000D  mc_w.l(entry10a.o)
    0x080001bc   0x00000000   Code   RO         6618    .ARM.Collect$$$$0000000F  mc_w.l(entry11a.o)
    0x080001bc   0x00000004   Code   RO         6607    .ARM.Collect$$$$00002712  mc_w.l(entry2.o)
    0x080001c0   0x00000024   Code   RO            4    .text               startup_stm32f429_439xx.o
    0x080001e4   0x00000024   Code   RO         6299    .text               mc_w.l(memcpya.o)
    0x08000208   0x00000024   Code   RO         6301    .text               mc_w.l(memseta.o)
    0x0800022c   0x00000018   Code   RO         6303    .text               mc_w.l(strcat.o)
    0x08000244   0x00000024   Code   RO         6305    .text               mc_w.l(strstr.o)
    0x08000268   0x0000000e   Code   RO         6307    .text               mc_w.l(strlen.o)
    0x08000276   0x00000012   Code   RO         6311    .text               mc_w.l(strcpy.o)
    0x08000288   0x0000002c   Code   RO         6621    .text               mc_w.l(uidiv.o)
    0x080002b4   0x00000024   Code   RO         6638    .text               mc_w.l(init.o)
    0x080002d8   0x00000004   Code   RO         5272    i.BusFault_Handler  stm32f4xx_it.o
    0x080002dc   0x00000034   Code   RO         5416    i.DHT11_GPIO_Config  bsp_dht11.o
    0x08000310   0x00000002   Code   RO         5273    i.DebugMon_Handler  stm32f4xx_it.o
    0x08000312   0x00000002   PAD
    0x08000314   0x00000098   Code   RO         5356    i.Debug_USART_Config  bsp_debug_usart.o
    0x080003ac   0x00000018   Code   RO         5461    i.Delay_us          bsp_systick.o
    0x080003c4   0x00000048   Code   RO         5538    i.ESP8266_AT_Test   bsp_esp8266.o
    0x0800040c   0x000000c0   Code   RO         5542    i.ESP8266_Cmd       bsp_esp8266.o
    0x080004cc   0x00000040   Code   RO         5543    i.ESP8266_Enable_MultipleId  bsp_esp8266.o
    0x0800050c   0x00000044   Code   RO         5545    i.ESP8266_GPIO_Config  bsp_esp8266.o
    0x08000550   0x00000024   Code   RO         5548    i.ESP8266_Init      bsp_esp8266.o
    0x08000574   0x00000040   Code   RO         5550    i.ESP8266_JoinAP    bsp_esp8266.o
    0x080005b4   0x000000c0   Code   RO         5551    i.ESP8266_Link_Server  bsp_esp8266.o
    0x08000674   0x00000704   Code   RO         5694    i.ESP8266_MQTT_UnvarnishTest  test.o
    0x08000d78   0x00000078   Code   RO         5552    i.ESP8266_Net_Mode_Choose  bsp_esp8266.o
    0x08000df0   0x00000024   Code   RO         5554    i.ESP8266_Rst       bsp_esp8266.o
    0x08000e14   0x0000009c   Code   RO         5555    i.ESP8266_SendString  bsp_esp8266.o
    0x08000eb0   0x000000bc   Code   RO         5557    i.ESP8266_USART_Config  bsp_esp8266.o
    0x08000f6c   0x00000028   Code   RO         5558    i.ESP8266_USART_NVIC_Configuration  bsp_esp8266.o
    0x08000f94   0x0000004c   Code   RO         5559    i.ESP8266_UnvarnishSend  bsp_esp8266.o
    0x08000fe0   0x00000090   Code   RO         2046    i.GPIO_Init         stm32f4xx_gpio.o
    0x08001070   0x00000046   Code   RO         2047    i.GPIO_PinAFConfig  stm32f4xx_gpio.o
    0x080010b6   0x00000012   Code   RO         2050    i.GPIO_ReadInputDataBit  stm32f4xx_gpio.o
    0x080010c8   0x00000004   Code   RO         2053    i.GPIO_ResetBits    stm32f4xx_gpio.o
    0x080010cc   0x00000004   Code   RO         2054    i.GPIO_SetBits      stm32f4xx_gpio.o
    0x080010d0   0x00000004   Code   RO         5274    i.HardFault_Handler  stm32f4xx_it.o
    0x080010d4   0x00000034   Code   RO         5842    i.Key_GPIO_Config   bsp_key.o
    0x08001108   0x00000028   Code   RO         5843    i.Key_Scan          bsp_key.o
    0x08001130   0x00000064   Code   RO         5739    i.LED_GPIO_Config   bsp_led.o
    0x08001194   0x00000076   Code   RO         5874    i.MQTTDeserialize_connack  mqttconnectclient.o
    0x0800120a   0x000000a8   Code   RO         5941    i.MQTTDeserialize_publish  mqttdeserializepublish.o
    0x080012b2   0x00000092   Code   RO         6173    i.MQTTDeserialize_suback  mqttsubscribeclient.o
    0x08001344   0x00000058   Code   RO         6016    i.MQTTPacket_decode  mqttpacket.o
    0x0800139c   0x0000001c   Code   RO         6017    i.MQTTPacket_decodeBuf  mqttpacket.o
    0x080013b8   0x00000036   Code   RO         6019    i.MQTTPacket_encode  mqttpacket.o
    0x080013ee   0x00000002   PAD
    0x080013f0   0x00000028   Code   RO         6021    i.MQTTPacket_len    mqttpacket.o
    0x08001418   0x00000066   Code   RO         6022    i.MQTTPacket_read   mqttpacket.o
    0x0800147e   0x00000002   PAD
    0x08001480   0x00000168   Code   RO         5875    i.MQTTSerialize_connect  mqttconnectclient.o
    0x080015e8   0x00000076   Code   RO         5876    i.MQTTSerialize_connectLength  mqttconnectclient.o
    0x0800165e   0x00000012   Code   RO         5877    i.MQTTSerialize_disconnect  mqttconnectclient.o
    0x08001670   0x000000b0   Code   RO         6134    i.MQTTSerialize_publish  mqttserializepublish.o
    0x08001720   0x00000022   Code   RO         6135    i.MQTTSerialize_publishLength  mqttserializepublish.o
    0x08001742   0x000000b0   Code   RO         6174    i.MQTTSerialize_subscribe  mqttsubscribeclient.o
    0x080017f2   0x0000002e   Code   RO         6175    i.MQTTSerialize_subscribeLength  mqttsubscribeclient.o
    0x08001820   0x0000004c   Code   RO         5879    i.MQTTSerialize_zero  mqttconnectclient.o
    0x0800186c   0x00000018   Code   RO         6024    i.MQTTstrlen        mqttpacket.o
    0x08001884   0x00000004   Code   RO         5275    i.MemManage_Handler  stm32f4xx_it.o
    0x08001888   0x00000002   Code   RO         5276    i.NMI_Handler       stm32f4xx_it.o
    0x0800188a   0x00000002   PAD
    0x0800188c   0x00000078   Code   RO          164    i.NVIC_Init         misc.o
    0x08001904   0x00000014   Code   RO          165    i.NVIC_PriorityGroupConfig  misc.o
    0x08001918   0x00000002   Code   RO         5277    i.PendSV_Handler    stm32f4xx_it.o
    0x0800191a   0x00000002   PAD
    0x0800191c   0x00000020   Code   RO         2960    i.RCC_AHB1PeriphClockCmd  stm32f4xx_rcc.o
    0x0800193c   0x00000020   Code   RO         2969    i.RCC_APB1PeriphClockCmd  stm32f4xx_rcc.o
    0x0800195c   0x00000020   Code   RO         2972    i.RCC_APB2PeriphClockCmd  stm32f4xx_rcc.o
    0x0800197c   0x000000e8   Code   RO         2981    i.RCC_GetClocksFreq  stm32f4xx_rcc.o
    0x08001a64   0x00000002   Code   RO         5278    i.SVC_Handler       stm32f4xx_it.o
    0x08001a66   0x00000002   PAD
    0x08001a68   0x00000120   Code   RO           13    i.SetSysClock       system_stm32f4xx.o
    0x08001b88   0x00000008   Code   RO         5279    i.SysTick_Handler   stm32f4xx_it.o
    0x08001b90   0x00000068   Code   RO         5462    i.SysTick_Init      bsp_systick.o
    0x08001bf8   0x0000005c   Code   RO           15    i.SystemInit        system_stm32f4xx.o
    0x08001c54   0x00000018   Code   RO         5463    i.TimingDelay_Decrement  bsp_systick.o
    0x08001c6c   0x0000007c   Code   RO         5280    i.USART3_IRQHandler  stm32f4xx_it.o
    0x08001ce8   0x00000018   Code   RO         4907    i.USART_Cmd         stm32f4xx_usart.o
    0x08001d00   0x0000001a   Code   RO         4910    i.USART_GetFlagStatus  stm32f4xx_usart.o
    0x08001d1a   0x00000054   Code   RO         4911    i.USART_GetITStatus  stm32f4xx_usart.o
    0x08001d6e   0x0000004a   Code   RO         4913    i.USART_ITConfig    stm32f4xx_usart.o
    0x08001db8   0x000000d4   Code   RO         4914    i.USART_Init        stm32f4xx_usart.o
    0x08001e8c   0x0000000a   Code   RO         4921    i.USART_ReceiveData  stm32f4xx_usart.o
    0x08001e96   0x00000008   Code   RO         4924    i.USART_SendData    stm32f4xx_usart.o
    0x08001e9e   0x00000106   Code   RO         5503    i.USART_printf      common.o
    0x08001fa4   0x00000004   Code   RO         5281    i.UsageFault_Handler  stm32f4xx_it.o
    0x08001fa8   0x0000001e   Code   RO         5358    i.Usart_SendByte    bsp_debug_usart.o
    0x08001fc6   0x00000002   PAD
    0x08001fc8   0x00000020   Code   RO         6472    i.__0printf$6       mc_w.l(printf6.o)
    0x08001fe8   0x00000028   Code   RO         6474    i.__0sprintf$6      mc_w.l(printf6.o)
    0x08002010   0x0000000e   Code   RO         6650    i.__scatterload_copy  mc_w.l(handlers.o)
    0x0800201e   0x00000002   Code   RO         6651    i.__scatterload_null  mc_w.l(handlers.o)
    0x08002020   0x0000000e   Code   RO         6652    i.__scatterload_zeroinit  mc_w.l(handlers.o)
    0x0800202e   0x00000002   PAD
    0x08002030   0x000002f0   Code   RO         6479    i._printf_core      mc_w.l(printf6.o)
    0x08002320   0x00000024   Code   RO         6480    i._printf_post_padding  mc_w.l(printf6.o)
    0x08002344   0x0000002e   Code   RO         6481    i._printf_pre_padding  mc_w.l(printf6.o)
    0x08002372   0x0000000a   Code   RO         6483    i._sputc            mc_w.l(printf6.o)
    0x0800237c   0x00000028   Code   RO         6025    i.bufchar           mqttpacket.o
    0x080023a4   0x00000024   Code   RO         5360    i.fputc             bsp_debug_usart.o
    0x080023c8   0x00000050   Code   RO         6578    i.free              mc_w.l(malloc.o)
    0x08002418   0x00000062   Code   RO         5504    i.itoa              common.o
    0x0800247a   0x00000002   PAD
    0x0800247c   0x00000054   Code   RO         5163    i.main              main.o
    0x080024d0   0x0000006c   Code   RO         6579    i.malloc            mc_w.l(malloc.o)
    0x0800253c   0x0000000e   Code   RO         6027    i.readChar          mqttpacket.o
    0x0800254a   0x0000001a   Code   RO         6028    i.readInt           mqttpacket.o
    0x08002564   0x0000003a   Code   RO         6029    i.readMQTTLenString  mqttpacket.o
    0x0800259e   0x00000002   PAD
    0x080025a0   0x00000024   Code   RO         6260    i.transport_getdata  transport.o
    0x080025c4   0x000001b0   Code   RO         6261    i.transport_sendPacketBuffer  transport.o
    0x08002774   0x00000024   Code   RO         5361    i.usart1_getc       bsp_debug_usart.o
    0x08002798   0x0000001c   Code   RO         5362    i.usart1_getstr     bsp_debug_usart.o
    0x080027b4   0x00000028   Code   RO         6030    i.writeCString      mqttpacket.o
    0x080027dc   0x0000000c   Code   RO         6031    i.writeChar         mqttpacket.o
    0x080027e8   0x00000030   Code   RO         6032    i.writeInt          mqttpacket.o
    0x08002818   0x0000003e   Code   RO         6033    i.writeMQTTString   mqttpacket.o
    0x08002856   0x00000002   PAD
    0x08002858   0x00000058   Data   RO         5697    .constdata          test.o
    0x080028b0   0x00000020   Data   RO         6648    Region$$Table       anon$$obj.o


    Execution Region RW_IRAM1 (Base: 0x20000000, Size: 0x00000a58, Max: 0x00030000, ABSOLUTE)

    Base Addr    Size         Type   Attr      Idx    E Section Name        Object

    0x20000000   0x00000014   Data   RW           16    .data               system_stm32f4xx.o
    0x20000014   0x00000010   Data   RW         3013    .data               stm32f4xx_rcc.o
    0x20000024   0x00000004   Data   RW         5464    .data               bsp_systick.o
    0x20000028   0x00000004   Data   RW         6034    .data               mqttpacket.o
    0x2000002c   0x0000001c   Data   RW         6262    .data               transport.o
    0x20000048   0x00000004   Data   RW         6620    .data               mc_w.l(stdout.o)
    0x2000004c   0x00000004   Data   RW         6625    .data               mc_w.l(mvars.o)
    0x20000050   0x00000004   Data   RW         6626    .data               mc_w.l(mvars.o)
    0x20000054   0x00000402   Zero   RW         5560    .bss                bsp_esp8266.o
    0x20000456   0x00000002   PAD
    0x20000458   0x00000200   Zero   RW            2    HEAP                startup_stm32f429_439xx.o
    0x20000658   0x00000400   Zero   RW            1    STACK               startup_stm32f429_439xx.o


==============================================================================

Image component sizes


      Code (inc. data)   RO Data    RW Data    ZI Data      Debug   Object Name

       282         18          0          0          0       3356   bsp_debug_usart.o
        52          4          0          0          0        540   bsp_dht11.o
      1304        350          0          0       1026      10800   bsp_esp8266.o
        92          4          0          0          0       1461   bsp_key.o
       100          4          0          0          0        562   bsp_led.o
       152         26          0          4          0      28701   bsp_systick.o
       360          0          0          0          0       2675   common.o
        84         44          0          0          0       4383   main.o
       140         24          0          0          0       1723   misc.o
       690         18          0          0          0       4424   mqttconnectclient.o
       168          0          0          0          0       1654   mqttdeserializepublish.o
       636         18          0          4          0       9738   mqttpacket.o
       210          0          0          0          0       1778   mqttserializepublish.o
       368          0          0          0          0       3227   mqttsubscribeclient.o
        36          8        428          0       1536        948   startup_stm32f429_439xx.o
       240          0          0          0          0       3799   stm32f4xx_gpio.o
       156         10          0          0          0       4562   stm32f4xx_it.o
       328         36          0         16          0       4927   stm32f4xx_rcc.o
       438          8          0          0          0       5789   stm32f4xx_usart.o
       380         34          0         20          0     276705   system_stm32f4xx.o
      1796        684         88          0          0       1997   test.o
       468        154          0         28          0       2073   transport.o

    ----------------------------------------------------------------------
      8500       1444        548         72       2564     375822   Object Totals
         0          0         32          0          0          0   (incl. Generated)
        20          0          0          0          2          0   (incl. Padding)

    ----------------------------------------------------------------------

      Code (inc. data)   RO Data    RW Data    ZI Data      Debug   Library Member Name

         0          0          0          0          0          0   entry.o
         0          0          0          0          0          0   entry10a.o
         0          0          0          0          0          0   entry11a.o
         8          4          0          0          0          0   entry2.o
         4          0          0          0          0          0   entry5.o
         0          0          0          0          0          0   entry7b.o
         0          0          0          0          0          0   entry8b.o
         8          4          0          0          0          0   entry9a.o
        30          0          0          0          0          0   handlers.o
        36          8          0          0          0         68   init.o
       188         20          0          0          0        160   malloc.o
        36          0          0          0          0         68   memcpya.o
        36          0          0          0          0        108   memseta.o
         0          0          0          8          0          0   mvars.o
       916         20          0          0          0        504   printf6.o
         0          0          0          4          0          0   stdout.o
        24          0          0          0          0         68   strcat.o
        18          0          0          0          0         68   strcpy.o
        14          0          0          0          0         68   strlen.o
        36          0          0          0          0         80   strstr.o
        44          0          0          0          0         80   uidiv.o

    ----------------------------------------------------------------------
      1400         56          0         12          0       1272   Library Totals
         2          0          0          0          0          0   (incl. Padding)

    ----------------------------------------------------------------------

      Code (inc. data)   RO Data    RW Data    ZI Data      Debug   Library Name

      1398         56          0         12          0       1272   mc_w.l

    ----------------------------------------------------------------------
      1400         56          0         12          0       1272   Library Totals

    ----------------------------------------------------------------------

==============================================================================


      Code (inc. data)   RO Data    RW Data    ZI Data      Debug   

      9900       1500        548         84       2564     372358   Grand Totals
      9900       1500        548         84       2564     372358   ELF Image Totals
      9900       1500        548         84          0          0   ROM Totals

==============================================================================

    Total RO  Size (Code + RO Data)                10448 (  10.20kB)
    Total RW  Size (RW Data + ZI Data)              2648 (   2.59kB)
    Total ROM Size (Code + RO Data + RW Data)      10532 (  10.29kB)

==============================================================================

